Mode=precision ring_dim=65536 key_dist=SPARSE_TERNARY slots=65536 sf=59 eval_exp_degree=58 order=2 noise_stage=PRE_EVALEXP scaling=FIXEDMANUAL mul_depth=19 p_input=16 p_output=16 all_inputs=1 complex_lut=0 level_budget=3,2
Noise bases=16,17,18,19,20,21,22,23,24,25,26,27,28,29,30,31,32,33,34,35,36,37,38,39,40,41,42,43,44,45,46,47,48,49,50

ID          AKP25                        noise=16 PASS max_error=0 in=-31.380 lut=-18.271 out=-18.709 pred=-82.067 pred_gap=63.358 exp_ks=36 lut_ks=22 pred_status=optimistic
ID          AKP25                        noise=17 PASS max_error=0 in=-31.309 lut=-18.271 out=-18.709 pred=-81.852 pred_gap=63.143 exp_ks=36 lut_ks=22 pred_status=optimistic
ID          AKP25                        noise=18 PASS max_error=0 in=-31.388 lut=-18.271 out=-18.771 pred=-82.088 pred_gap=63.317 exp_ks=36 lut_ks=22 pred_status=optimistic
ID          AKP25                        noise=19 PASS max_error=0 in=-31.312 lut=-18.271 out=-18.726 pred=-81.861 pred_gap=63.135 exp_ks=36 lut_ks=22 pred_status=optimistic
ID          AKP25                        noise=20 PASS max_error=0 in=-31.199 lut=-18.271 out=-18.709 pred=-81.521 pred_gap=62.812 exp_ks=36 lut_ks=22 pred_status=optimistic
ID          AKP25                        noise=21 PASS max_error=0 in=-31.303 lut=-18.271 out=-18.709 pred=-81.835 pred_gap=63.126 exp_ks=36 lut_ks=22 pred_status=optimistic
ID          AKP25                        noise=22 PASS max_error=0 in=-31.280 lut=-18.271 out=-18.726 pred=-81.765 pred_gap=63.039 exp_ks=36 lut_ks=22 pred_status=optimistic
ID          AKP25                        noise=23 PASS max_error=0 in=-31.398 lut=-18.271 out=-18.647 pred=-82.121 pred_gap=63.474 exp_ks=36 lut_ks=22 pred_status=optimistic
ID          AKP25                        noise=24 PASS max_error=0 in=-31.098 lut=-18.257 out=-18.647 pred=-81.219 pred_gap=62.572 exp_ks=36 lut_ks=22 pred_status=optimistic
ID          AKP25                        noise=25 PASS max_error=0 in=-31.131 lut=-18.247 out=-18.647 pred=-81.319 pred_gap=62.672 exp_ks=36 lut_ks=22 pred_status=optimistic
ID          AKP25                        noise=26 PASS max_error=0 in=-30.964 lut=-18.257 out=-18.647 pred=-80.819 pred_gap=62.172 exp_ks=36 lut_ks=22 pred_status=optimistic
ID          AKP25                        noise=27 PASS max_error=0 in=-30.732 lut=-18.271 out=-18.709 pred=-80.121 pred_gap=61.412 exp_ks=36 lut_ks=22 pred_status=optimistic
ID          AKP25                        noise=28 PASS max_error=0 in=-30.298 lut=-18.271 out=-18.771 pred=-78.819 pred_gap=60.049 exp_ks=36 lut_ks=22 pred_status=optimistic
ID          AKP25                        noise=29 PASS max_error=0 in=-29.583 lut=-18.271 out=-18.709 pred=-76.675 pred_gap=57.966 exp_ks=36 lut_ks=22 pred_status=optimistic
ID          AKP25                        noise=30 PASS max_error=0 in=-28.881 lut=-18.271 out=-18.771 pred=-74.569 pred_gap=55.799 exp_ks=36 lut_ks=22 pred_status=optimistic
ID          AKP25                        noise=31 PASS max_error=0 in=-28.014 lut=-18.271 out=-18.709 pred=-71.968 pred_gap=53.259 exp_ks=36 lut_ks=22 pred_status=optimistic
ID          AKP25                        noise=32 PASS max_error=0 in=-27.081 lut=-18.271 out=-18.771 pred=-69.167 pred_gap=50.396 exp_ks=36 lut_ks=22 pred_status=optimistic
ID          AKP25                        noise=33 PASS max_error=0 in=-26.121 lut=-18.271 out=-18.771 pred=-66.288 pred_gap=47.518 exp_ks=36 lut_ks=22 pred_status=optimistic
ID          AKP25                        noise=34 PASS max_error=0 in=-25.144 lut=-18.271 out=-18.709 pred=-63.358 pred_gap=44.649 exp_ks=36 lut_ks=22 pred_status=optimistic
ID          AKP25                        noise=35 PASS max_error=0 in=-24.154 lut=-18.271 out=-18.771 pred=-60.386 pred_gap=41.616 exp_ks=36 lut_ks=22 pred_status=optimistic
ID          AKP25                        noise=36 PASS max_error=0 in=-23.159 lut=-18.271 out=-18.709 pred=-57.401 pred_gap=38.693 exp_ks=36 lut_ks=22 pred_status=optimistic
ID          AKP25                        noise=37 PASS max_error=0 in=-22.161 lut=-18.271 out=-18.771 pred=-54.408 pred_gap=35.637 exp_ks=36 lut_ks=22 pred_status=optimistic
ID          AKP25                        noise=38 PASS max_error=0 in=-21.162 lut=-18.271 out=-18.771 pred=-51.412 pred_gap=32.641 exp_ks=36 lut_ks=22 pred_status=optimistic
ID          AKP25                        noise=39 PASS max_error=0 in=-20.163 lut=-18.271 out=-18.709 pred=-48.414 pred_gap=29.705 exp_ks=36 lut_ks=22 pred_status=optimistic
ID          AKP25                        noise=40 PASS max_error=0 in=-19.163 lut=-18.271 out=-18.771 pred=-45.415 pred_gap=26.644 exp_ks=36 lut_ks=22 pred_status=optimistic
ID          AKP25                        noise=41 PASS max_error=0 in=-18.163 lut=-18.271 out=-18.647 pred=-42.415 pred_gap=23.768 exp_ks=36 lut_ks=22 pred_status=optimistic
ID          AKP25                        noise=42 PASS max_error=0 in=-17.163 lut=-18.271 out=-18.771 pred=-39.415 pred_gap=20.644 exp_ks=36 lut_ks=22 pred_status=optimistic
ID          AKP25                        noise=43 PASS max_error=0 in=-16.163 lut=-18.272 out=-18.772 pred=-36.416 pred_gap=17.644 exp_ks=36 lut_ks=22 pred_status=optimistic
ID          AKP25                        noise=44 PASS max_error=0 in=-15.163 lut=-18.273 out=-18.773 pred=-33.416 pred_gap=14.643 exp_ks=36 lut_ks=22 pred_status=optimistic
ID          AKP25                        noise=45 PASS max_error=0 in=-14.163 lut=-18.274 out=-18.705 pred=-30.416 pred_gap=11.711 exp_ks=36 lut_ks=22 pred_status=optimistic
ID          AKP25                        noise=46 PASS max_error=0 in=-13.163 lut=-18.268 out=-18.645 pred=-27.416 pred_gap=8.770 exp_ks=36 lut_ks=22 pred_status=optimistic
ID          AKP25                        noise=47 PASS max_error=0 in=-12.163 lut=-18.188 out=-18.688 pred=-24.416 pred_gap=5.728 exp_ks=36 lut_ks=22 pred_status=optimistic
ID          AKP25                        noise=48 PASS max_error=0 in=-11.163 lut=-17.633 out=-18.038 pred=-21.416 pred_gap=3.378 exp_ks=36 lut_ks=22 pred_status=optimistic
ID          AKP25                        noise=49 PASS max_error=0 in=-10.163 lut=-15.756 out=-16.250 pred=-18.416 pred_gap=2.165 exp_ks=36 lut_ks=22 pred_status=optimistic
ID          AKP25                        noise=50 PASS max_error=0 in=-9.163 lut=-12.929 out=-13.428 pred=-15.416 pred_gap=1.988 exp_ks=36 lut_ks=22 pred_status=optimistic

CSV_BEGIN
lut,method,run,noise_base,max_error,input_precision,lut_precision,lut_margin,output_precision,predicted_output_precision,prediction_gap,output_margin,eval_exp_key_switch_count,key_switch_count
ID,AKP25,1,16,0,-31.380,-18.271,nan,-18.709,-82.067,63.358,nan,36,22
ID,AKP25,1,17,0,-31.309,-18.271,nan,-18.709,-81.852,63.143,nan,36,22
ID,AKP25,1,18,0,-31.388,-18.271,nan,-18.771,-82.088,63.317,nan,36,22
ID,AKP25,1,19,0,-31.312,-18.271,nan,-18.726,-81.861,63.135,nan,36,22
ID,AKP25,1,20,0,-31.199,-18.271,nan,-18.709,-81.521,62.812,nan,36,22
ID,AKP25,1,21,0,-31.303,-18.271,nan,-18.709,-81.835,63.126,nan,36,22
ID,AKP25,1,22,0,-31.280,-18.271,nan,-18.726,-81.765,63.039,nan,36,22
ID,AKP25,1,23,0,-31.398,-18.271,nan,-18.647,-82.121,63.474,nan,36,22
ID,AKP25,1,24,0,-31.098,-18.257,nan,-18.647,-81.219,62.572,nan,36,22
ID,AKP25,1,25,0,-31.131,-18.247,nan,-18.647,-81.319,62.672,nan,36,22
ID,AKP25,1,26,0,-30.964,-18.257,nan,-18.647,-80.819,62.172,nan,36,22
ID,AKP25,1,27,0,-30.732,-18.271,nan,-18.709,-80.121,61.412,nan,36,22
ID,AKP25,1,28,0,-30.298,-18.271,nan,-18.771,-78.819,60.049,nan,36,22
ID,AKP25,1,29,0,-29.583,-18.271,nan,-18.709,-76.675,57.966,nan,36,22
ID,AKP25,1,30,0,-28.881,-18.271,nan,-18.771,-74.569,55.799,nan,36,22
ID,AKP25,1,31,0,-28.014,-18.271,nan,-18.709,-71.968,53.259,nan,36,22
ID,AKP25,1,32,0,-27.081,-18.271,nan,-18.771,-69.167,50.396,nan,36,22
ID,AKP25,1,33,0,-26.121,-18.271,nan,-18.771,-66.288,47.518,nan,36,22
ID,AKP25,1,34,0,-25.144,-18.271,nan,-18.709,-63.358,44.649,nan,36,22
ID,AKP25,1,35,0,-24.154,-18.271,nan,-18.771,-60.386,41.616,nan,36,22
ID,AKP25,1,36,0,-23.159,-18.271,nan,-18.709,-57.401,38.693,nan,36,22
ID,AKP25,1,37,0,-22.161,-18.271,nan,-18.771,-54.408,35.637,nan,36,22
ID,AKP25,1,38,0,-21.162,-18.271,nan,-18.771,-51.412,32.641,nan,36,22
ID,AKP25,1,39,0,-20.163,-18.271,nan,-18.709,-48.414,29.705,nan,36,22
ID,AKP25,1,40,0,-19.163,-18.271,nan,-18.771,-45.415,26.644,nan,36,22
ID,AKP25,1,41,0,-18.163,-18.271,nan,-18.647,-42.415,23.768,nan,36,22
ID,AKP25,1,42,0,-17.163,-18.271,nan,-18.771,-39.415,20.644,nan,36,22
ID,AKP25,1,43,0,-16.163,-18.272,nan,-18.772,-36.416,17.644,nan,36,22
ID,AKP25,1,44,0,-15.163,-18.273,nan,-18.773,-33.416,14.643,nan,36,22
ID,AKP25,1,45,0,-14.163,-18.274,nan,-18.705,-30.416,11.711,nan,36,22
ID,AKP25,1,46,0,-13.163,-18.268,nan,-18.645,-27.416,8.770,nan,36,22
ID,AKP25,1,47,0,-12.163,-18.188,nan,-18.688,-24.416,5.728,nan,36,22
ID,AKP25,1,48,0,-11.163,-17.633,nan,-18.038,-21.416,3.378,nan,36,22
ID,AKP25,1,49,0,-10.163,-15.756,nan,-16.250,-18.416,2.165,nan,36,22
ID,AKP25,1,50,0,-9.163,-12.929,nan,-13.428,-15.416,1.988,nan,36,22
CSV_END
