Mode=precision ring_dim=65536 key_dist=SPARSE_TERNARY slots=65536 sf=59 eval_exp_degree=58 order=1 noise_stage=PRE_EVALEXP scaling=FIXEDMANUAL mul_depth=19 p_input=16 p_output=16 all_inputs=1 complex_lut=0 level_budget=3,2
Noise bases=16,17,18,19,20,21,22,23,24,25,26,27,28,29,30,31,32,33,34,35,36,37,38,39,40,41,42,43,44,45,46,47,48,49,50

ID          AKP25                        noise=16 PASS max_error=0 in=-31.307 lut=-17.665 out=-18.165 pred=-53.902 pred_gap=35.737 exp_ks=36 lut_ks=18 pred_status=optimistic
ID          AKP25                        noise=17 PASS max_error=0 in=-31.292 lut=-17.665 out=-18.165 pred=-53.872 pred_gap=35.707 exp_ks=36 lut_ks=18 pred_status=optimistic
ID          AKP25                        noise=18 PASS max_error=0 in=-31.337 lut=-17.665 out=-18.104 pred=-53.961 pred_gap=35.857 exp_ks=36 lut_ks=18 pred_status=optimistic
ID          AKP25                        noise=19 PASS max_error=0 in=-31.317 lut=-17.665 out=-18.104 pred=-53.921 pred_gap=35.818 exp_ks=36 lut_ks=18 pred_status=optimistic
ID          AKP25                        noise=20 PASS max_error=0 in=-31.324 lut=-17.665 out=-18.165 pred=-53.935 pred_gap=35.770 exp_ks=36 lut_ks=18 pred_status=optimistic
ID          AKP25                        noise=21 PASS max_error=0 in=-31.402 lut=-17.665 out=-18.042 pred=-54.091 pred_gap=36.049 exp_ks=36 lut_ks=18 pred_status=optimistic
ID          AKP25                        noise=22 PASS max_error=0 in=-31.335 lut=-17.665 out=-18.042 pred=-53.957 pred_gap=35.915 exp_ks=36 lut_ks=18 pred_status=optimistic
ID          AKP25                        noise=23 PASS max_error=0 in=-31.289 lut=-17.665 out=-18.165 pred=-53.866 pred_gap=35.700 exp_ks=36 lut_ks=18 pred_status=optimistic
ID          AKP25                        noise=24 PASS max_error=0 in=-31.391 lut=-17.665 out=-18.042 pred=-54.070 pred_gap=36.029 exp_ks=36 lut_ks=18 pred_status=optimistic
ID          AKP25                        noise=25 PASS max_error=0 in=-31.158 lut=-17.665 out=-18.120 pred=-53.603 pred_gap=35.483 exp_ks=36 lut_ks=18 pred_status=optimistic
ID          AKP25                        noise=26 PASS max_error=0 in=-31.043 lut=-17.652 out=-18.042 pred=-53.373 pred_gap=35.331 exp_ks=36 lut_ks=18 pred_status=optimistic
ID          AKP25                        noise=27 PASS max_error=0 in=-30.706 lut=-17.665 out=-18.165 pred=-52.700 pred_gap=34.535 exp_ks=36 lut_ks=18 pred_status=optimistic
ID          AKP25                        noise=28 PASS max_error=0 in=-30.267 lut=-17.665 out=-18.104 pred=-51.821 pred_gap=33.717 exp_ks=36 lut_ks=18 pred_status=optimistic
ID          AKP25                        noise=29 PASS max_error=0 in=-29.632 lut=-17.665 out=-18.165 pred=-50.552 pred_gap=32.386 exp_ks=36 lut_ks=18 pred_status=optimistic
ID          AKP25                        noise=30 PASS max_error=0 in=-28.872 lut=-17.665 out=-18.165 pred=-49.032 pred_gap=30.867 exp_ks=36 lut_ks=18 pred_status=optimistic
ID          AKP25                        noise=31 PASS max_error=0 in=-28.019 lut=-17.665 out=-18.104 pred=-47.325 pred_gap=29.221 exp_ks=36 lut_ks=18 pred_status=optimistic
ID          AKP25                        noise=32 PASS max_error=0 in=-27.083 lut=-17.665 out=-18.042 pred=-45.453 pred_gap=27.411 exp_ks=36 lut_ks=18 pred_status=optimistic
ID          AKP25                        noise=33 PASS max_error=0 in=-26.124 lut=-17.665 out=-18.165 pred=-43.535 pred_gap=25.370 exp_ks=36 lut_ks=18 pred_status=optimistic
ID          AKP25                        noise=34 PASS max_error=0 in=-25.145 lut=-17.665 out=-18.165 pred=-41.578 pred_gap=23.412 exp_ks=36 lut_ks=18 pred_status=optimistic
ID          AKP25                        noise=35 PASS max_error=0 in=-24.154 lut=-17.665 out=-18.104 pred=-39.595 pred_gap=21.492 exp_ks=36 lut_ks=18 pred_status=optimistic
ID          AKP25                        noise=36 PASS max_error=0 in=-23.159 lut=-17.665 out=-18.165 pred=-37.605 pred_gap=19.439 exp_ks=36 lut_ks=18 pred_status=optimistic
ID          AKP25                        noise=37 PASS max_error=0 in=-22.161 lut=-17.665 out=-18.042 pred=-35.610 pred_gap=17.568 exp_ks=36 lut_ks=18 pred_status=optimistic
ID          AKP25                        noise=38 PASS max_error=0 in=-21.162 lut=-17.665 out=-18.120 pred=-33.612 pred_gap=15.492 exp_ks=36 lut_ks=18 pred_status=optimistic
ID          AKP25                        noise=39 PASS max_error=0 in=-20.163 lut=-17.642 out=-18.042 pred=-31.613 pred_gap=13.572 exp_ks=36 lut_ks=18 pred_status=optimistic
ID          AKP25                        noise=40 PASS max_error=0 in=-19.163 lut=-17.666 out=-18.042 pred=-29.614 pred_gap=11.572 exp_ks=36 lut_ks=18 pred_status=optimistic
ID          AKP25                        noise=41 PASS max_error=0 in=-18.163 lut=-17.668 out=-18.105 pred=-27.614 pred_gap=9.509 exp_ks=36 lut_ks=18 pred_status=optimistic
ID          AKP25                        noise=42 PASS max_error=0 in=-17.163 lut=-17.653 out=-18.050 pred=-25.614 pred_gap=7.565 exp_ks=36 lut_ks=18 pred_status=optimistic
ID          AKP25                        noise=43 PASS max_error=0 in=-16.163 lut=-17.700 out=-18.135 pred=-23.615 pred_gap=5.479 exp_ks=36 lut_ks=18 pred_status=optimistic
ID          AKP25                        noise=44 PASS max_error=0 in=-15.163 lut=-17.625 out=-18.078 pred=-21.615 pred_gap=3.537 exp_ks=36 lut_ks=18 pred_status=optimistic
ID          AKP25                        noise=45 PASS max_error=0 in=-14.163 lut=-17.295 out=-17.748 pred=-19.615 pred_gap=1.867 exp_ks=36 lut_ks=18 pred_status=optimistic
ID          AKP25                        noise=46 PASS max_error=0 in=-13.163 lut=-16.411 out=-16.906 pred=-17.615 pred_gap=0.709 exp_ks=36 lut_ks=18 pred_status=optimistic
ID          AKP25                        noise=47 PASS max_error=0 in=-12.163 lut=-14.910 out=-15.408 pred=-15.615 pred_gap=0.207 exp_ks=36 lut_ks=18 pred_status=optimistic
ID          AKP25                        noise=48 PASS max_error=0 in=-11.163 lut=-13.053 out=-13.540 pred=-13.615 pred_gap=0.075 exp_ks=36 lut_ks=18
ID          AKP25                        noise=49 PASS max_error=0 in=-10.163 lut=-11.078 out=-11.577 pred=-11.615 pred_gap=0.037 exp_ks=36 lut_ks=18
ID          AKP25                        noise=50 PASS max_error=0 in=-9.163 lut=-9.064 out=-9.564 pred=-9.615 pred_gap=0.050 exp_ks=36 lut_ks=18

CSV_BEGIN
lut,method,run,noise_base,max_error,input_precision,lut_precision,lut_margin,output_precision,predicted_output_precision,prediction_gap,output_margin,eval_exp_key_switch_count,key_switch_count
ID,AKP25,1,16,0,-31.307,-17.665,nan,-18.165,-53.902,35.737,nan,36,18
ID,AKP25,1,17,0,-31.292,-17.665,nan,-18.165,-53.872,35.707,nan,36,18
ID,AKP25,1,18,0,-31.337,-17.665,nan,-18.104,-53.961,35.857,nan,36,18
ID,AKP25,1,19,0,-31.317,-17.665,nan,-18.104,-53.921,35.818,nan,36,18
ID,AKP25,1,20,0,-31.324,-17.665,nan,-18.165,-53.935,35.770,nan,36,18
ID,AKP25,1,21,0,-31.402,-17.665,nan,-18.042,-54.091,36.049,nan,36,18
ID,AKP25,1,22,0,-31.335,-17.665,nan,-18.042,-53.957,35.915,nan,36,18
ID,AKP25,1,23,0,-31.289,-17.665,nan,-18.165,-53.866,35.700,nan,36,18
ID,AKP25,1,24,0,-31.391,-17.665,nan,-18.042,-54.070,36.029,nan,36,18
ID,AKP25,1,25,0,-31.158,-17.665,nan,-18.120,-53.603,35.483,nan,36,18
ID,AKP25,1,26,0,-31.043,-17.652,nan,-18.042,-53.373,35.331,nan,36,18
ID,AKP25,1,27,0,-30.706,-17.665,nan,-18.165,-52.700,34.535,nan,36,18
ID,AKP25,1,28,0,-30.267,-17.665,nan,-18.104,-51.821,33.717,nan,36,18
ID,AKP25,1,29,0,-29.632,-17.665,nan,-18.165,-50.552,32.386,nan,36,18
ID,AKP25,1,30,0,-28.872,-17.665,nan,-18.165,-49.032,30.867,nan,36,18
ID,AKP25,1,31,0,-28.019,-17.665,nan,-18.104,-47.325,29.221,nan,36,18
ID,AKP25,1,32,0,-27.083,-17.665,nan,-18.042,-45.453,27.411,nan,36,18
ID,AKP25,1,33,0,-26.124,-17.665,nan,-18.165,-43.535,25.370,nan,36,18
ID,AKP25,1,34,0,-25.145,-17.665,nan,-18.165,-41.578,23.412,nan,36,18
ID,AKP25,1,35,0,-24.154,-17.665,nan,-18.104,-39.595,21.492,nan,36,18
ID,AKP25,1,36,0,-23.159,-17.665,nan,-18.165,-37.605,19.439,nan,36,18
ID,AKP25,1,37,0,-22.161,-17.665,nan,-18.042,-35.610,17.568,nan,36,18
ID,AKP25,1,38,0,-21.162,-17.665,nan,-18.120,-33.612,15.492,nan,36,18
ID,AKP25,1,39,0,-20.163,-17.642,nan,-18.042,-31.613,13.572,nan,36,18
ID,AKP25,1,40,0,-19.163,-17.666,nan,-18.042,-29.614,11.572,nan,36,18
ID,AKP25,1,41,0,-18.163,-17.668,nan,-18.105,-27.614,9.509,nan,36,18
ID,AKP25,1,42,0,-17.163,-17.653,nan,-18.050,-25.614,7.565,nan,36,18
ID,AKP25,1,43,0,-16.163,-17.700,nan,-18.135,-23.615,5.479,nan,36,18
ID,AKP25,1,44,0,-15.163,-17.625,nan,-18.078,-21.615,3.537,nan,36,18
ID,AKP25,1,45,0,-14.163,-17.295,nan,-17.748,-19.615,1.867,nan,36,18
ID,AKP25,1,46,0,-13.163,-16.411,nan,-16.906,-17.615,0.709,nan,36,18
ID,AKP25,1,47,0,-12.163,-14.910,nan,-15.408,-15.615,0.207,nan,36,18
ID,AKP25,1,48,0,-11.163,-13.053,nan,-13.540,-13.615,0.075,nan,36,18
ID,AKP25,1,49,0,-10.163,-11.078,nan,-11.577,-11.615,0.037,nan,36,18
ID,AKP25,1,50,0,-9.163,-9.064,nan,-9.564,-9.615,0.050,nan,36,18
CSV_END
