Mode=precision ring_dim=65536 key_dist=SPARSE_TERNARY slots=65536 sf=59 eval_exp_degree=58 order=3 noise_stage=PRE_EVALEXP scaling=FIXEDMANUAL mul_depth=20 p_input=16 p_output=16 all_inputs=1 complex_lut=0 level_budget=3,2
Noise bases=16,17,18,19,20,21,22,23,24,25,26,27,28,29,30,31,32,33,34,35,36,37,38,39,40,41,42,43,44,45,46,47,48,49,50

ID          AKP25                        noise=16 PASS max_error=0 in=-31.405 lut=-18.112 out=-18.612 pred=-108.396 pred_gap=89.784 exp_ks=36 lut_ks=24 pred_status=optimistic
ID          AKP25                        noise=17 PASS max_error=0 in=-31.415 lut=-18.112 out=-18.489 pred=-108.437 pred_gap=89.948 exp_ks=36 lut_ks=24 pred_status=optimistic
ID          AKP25                        noise=18 PASS max_error=0 in=-31.251 lut=-18.112 out=-18.612 pred=-107.779 pred_gap=89.167 exp_ks=36 lut_ks=24 pred_status=optimistic
ID          AKP25                        noise=19 PASS max_error=0 in=-31.251 lut=-18.112 out=-18.612 pred=-107.780 pred_gap=89.167 exp_ks=36 lut_ks=24 pred_status=optimistic
ID          AKP25                        noise=20 PASS max_error=0 in=-31.314 lut=-18.112 out=-18.489 pred=-108.030 pred_gap=89.541 exp_ks=36 lut_ks=24 pred_status=optimistic
ID          AKP25                        noise=21 PASS max_error=0 in=-31.328 lut=-18.112 out=-18.612 pred=-108.088 pred_gap=89.476 exp_ks=36 lut_ks=24 pred_status=optimistic
ID          AKP25                        noise=22 PASS max_error=0 in=-31.265 lut=-18.112 out=-18.551 pred=-107.834 pred_gap=89.283 exp_ks=36 lut_ks=24 pred_status=optimistic
ID          AKP25                        noise=23 PASS max_error=0 in=-31.328 lut=-18.112 out=-18.612 pred=-108.086 pred_gap=89.474 exp_ks=36 lut_ks=24 pred_status=optimistic
ID          AKP25                        noise=24 PASS max_error=0 in=-31.364 lut=-18.112 out=-18.511 pred=-108.231 pred_gap=89.721 exp_ks=36 lut_ks=24 pred_status=optimistic
ID          AKP25                        noise=25 PASS max_error=0 in=-31.058 lut=-18.112 out=-18.612 pred=-107.006 pred_gap=88.394 exp_ks=36 lut_ks=24 pred_status=optimistic
ID          AKP25                        noise=26 PASS max_error=0 in=-31.037 lut=-18.112 out=-18.489 pred=-106.924 pred_gap=88.435 exp_ks=36 lut_ks=24 pred_status=optimistic
ID          AKP25                        noise=27 PASS max_error=0 in=-30.647 lut=-18.112 out=-18.612 pred=-105.362 pred_gap=86.749 exp_ks=36 lut_ks=24 pred_status=optimistic
ID          AKP25                        noise=28 PASS max_error=0 in=-30.244 lut=-18.112 out=-18.489 pred=-103.750 pred_gap=85.261 exp_ks=36 lut_ks=24 pred_status=optimistic
ID          AKP25                        noise=29 PASS max_error=0 in=-29.602 lut=-18.112 out=-18.489 pred=-101.183 pred_gap=82.694 exp_ks=36 lut_ks=24 pred_status=optimistic
ID          AKP25                        noise=30 PASS max_error=0 in=-28.865 lut=-18.112 out=-18.612 pred=-98.236 pred_gap=79.624 exp_ks=36 lut_ks=24 pred_status=optimistic
ID          AKP25                        noise=31 PASS max_error=0 in=-28.022 lut=-18.112 out=-18.489 pred=-94.863 pred_gap=76.374 exp_ks=36 lut_ks=24 pred_status=optimistic
ID          AKP25                        noise=32 PASS max_error=0 in=-27.092 lut=-18.112 out=-18.612 pred=-91.144 pred_gap=72.532 exp_ks=36 lut_ks=24 pred_status=optimistic
ID          AKP25                        noise=33 PASS max_error=0 in=-26.125 lut=-18.112 out=-18.489 pred=-87.276 pred_gap=68.787 exp_ks=36 lut_ks=24 pred_status=optimistic
ID          AKP25                        noise=34 PASS max_error=0 in=-25.145 lut=-18.112 out=-18.612 pred=-83.357 pred_gap=64.745 exp_ks=36 lut_ks=24 pred_status=optimistic
ID          AKP25                        noise=35 PASS max_error=0 in=-24.154 lut=-18.112 out=-18.551 pred=-79.391 pred_gap=60.841 exp_ks=36 lut_ks=24 pred_status=optimistic
ID          AKP25                        noise=36 PASS max_error=0 in=-23.158 lut=-18.112 out=-18.612 pred=-75.408 pred_gap=56.795 exp_ks=36 lut_ks=24 pred_status=optimistic
ID          AKP25                        noise=37 PASS max_error=0 in=-22.161 lut=-18.112 out=-18.551 pred=-71.420 pred_gap=52.869 exp_ks=36 lut_ks=24 pred_status=optimistic
ID          AKP25                        noise=38 PASS max_error=0 in=-21.162 lut=-18.112 out=-18.551 pred=-67.425 pred_gap=48.874 exp_ks=36 lut_ks=24 pred_status=optimistic
ID          AKP25                        noise=39 PASS max_error=0 in=-20.163 lut=-18.112 out=-18.612 pred=-63.427 pred_gap=44.814 exp_ks=36 lut_ks=24 pred_status=optimistic
ID          AKP25                        noise=40 PASS max_error=0 in=-19.163 lut=-18.112 out=-18.612 pred=-59.428 pred_gap=40.816 exp_ks=36 lut_ks=24 pred_status=optimistic
ID          AKP25                        noise=41 PASS max_error=0 in=-18.163 lut=-18.113 out=-18.550 pred=-55.429 pred_gap=36.878 exp_ks=36 lut_ks=24 pred_status=optimistic
ID          AKP25                        noise=42 PASS max_error=0 in=-17.163 lut=-18.113 out=-18.550 pred=-51.429 pred_gap=32.879 exp_ks=36 lut_ks=24 pred_status=optimistic
ID          AKP25                        noise=43 PASS max_error=0 in=-16.163 lut=-18.113 out=-18.613 pred=-47.429 pred_gap=28.816 exp_ks=36 lut_ks=24 pred_status=optimistic
ID          AKP25                        noise=44 PASS max_error=0 in=-15.163 lut=-18.113 out=-18.549 pred=-43.429 pred_gap=24.880 exp_ks=36 lut_ks=24 pred_status=optimistic
ID          AKP25                        noise=45 PASS max_error=0 in=-14.163 lut=-18.114 out=-18.614 pred=-39.429 pred_gap=20.815 exp_ks=36 lut_ks=24 pred_status=optimistic
ID          AKP25                        noise=46 PASS max_error=0 in=-13.163 lut=-18.117 out=-18.617 pred=-35.429 pred_gap=16.813 exp_ks=36 lut_ks=24 pred_status=optimistic
ID          AKP25                        noise=47 PASS max_error=0 in=-12.163 lut=-18.122 out=-18.622 pred=-31.429 pred_gap=12.808 exp_ks=36 lut_ks=24 pred_status=optimistic
ID          AKP25                        noise=48 PASS max_error=0 in=-11.163 lut=-18.145 out=-18.645 pred=-27.429 pred_gap=8.785 exp_ks=36 lut_ks=24 pred_status=optimistic
ID          AKP25                        noise=49 PASS max_error=0 in=-10.163 lut=-17.991 out=-18.438 pred=-23.429 pred_gap=4.992 exp_ks=36 lut_ks=24 pred_status=optimistic
ID          AKP25                        noise=50 PASS max_error=0 in=-9.163 lut=-16.165 out=-16.656 pred=-19.429 pred_gap=2.773 exp_ks=36 lut_ks=24 pred_status=optimistic

CSV_BEGIN
lut,method,run,noise_base,max_error,input_precision,lut_precision,lut_margin,output_precision,predicted_output_precision,prediction_gap,output_margin,eval_exp_key_switch_count,key_switch_count
ID,AKP25,1,16,0,-31.405,-18.112,nan,-18.612,-108.396,89.784,nan,36,24
ID,AKP25,1,17,0,-31.415,-18.112,nan,-18.489,-108.437,89.948,nan,36,24
ID,AKP25,1,18,0,-31.251,-18.112,nan,-18.612,-107.779,89.167,nan,36,24
ID,AKP25,1,19,0,-31.251,-18.112,nan,-18.612,-107.780,89.167,nan,36,24
ID,AKP25,1,20,0,-31.314,-18.112,nan,-18.489,-108.030,89.541,nan,36,24
ID,AKP25,1,21,0,-31.328,-18.112,nan,-18.612,-108.088,89.476,nan,36,24
ID,AKP25,1,22,0,-31.265,-18.112,nan,-18.551,-107.834,89.283,nan,36,24
ID,AKP25,1,23,0,-31.328,-18.112,nan,-18.612,-108.086,89.474,nan,36,24
ID,AKP25,1,24,0,-31.364,-18.112,nan,-18.511,-108.231,89.721,nan,36,24
ID,AKP25,1,25,0,-31.058,-18.112,nan,-18.612,-107.006,88.394,nan,36,24
ID,AKP25,1,26,0,-31.037,-18.112,nan,-18.489,-106.924,88.435,nan,36,24
ID,AKP25,1,27,0,-30.647,-18.112,nan,-18.612,-105.362,86.749,nan,36,24
ID,AKP25,1,28,0,-30.244,-18.112,nan,-18.489,-103.750,85.261,nan,36,24
ID,AKP25,1,29,0,-29.602,-18.112,nan,-18.489,-101.183,82.694,nan,36,24
ID,AKP25,1,30,0,-28.865,-18.112,nan,-18.612,-98.236,79.624,nan,36,24
ID,AKP25,1,31,0,-28.022,-18.112,nan,-18.489,-94.863,76.374,nan,36,24
ID,AKP25,1,32,0,-27.092,-18.112,nan,-18.612,-91.144,72.532,nan,36,24
ID,AKP25,1,33,0,-26.125,-18.112,nan,-18.489,-87.276,68.787,nan,36,24
ID,AKP25,1,34,0,-25.145,-18.112,nan,-18.612,-83.357,64.745,nan,36,24
ID,AKP25,1,35,0,-24.154,-18.112,nan,-18.551,-79.391,60.841,nan,36,24
ID,AKP25,1,36,0,-23.158,-18.112,nan,-18.612,-75.408,56.795,nan,36,24
ID,AKP25,1,37,0,-22.161,-18.112,nan,-18.551,-71.420,52.869,nan,36,24
ID,AKP25,1,38,0,-21.162,-18.112,nan,-18.551,-67.425,48.874,nan,36,24
ID,AKP25,1,39,0,-20.163,-18.112,nan,-18.612,-63.427,44.814,nan,36,24
ID,AKP25,1,40,0,-19.163,-18.112,nan,-18.612,-59.428,40.816,nan,36,24
ID,AKP25,1,41,0,-18.163,-18.113,nan,-18.550,-55.429,36.878,nan,36,24
ID,AKP25,1,42,0,-17.163,-18.113,nan,-18.550,-51.429,32.879,nan,36,24
ID,AKP25,1,43,0,-16.163,-18.113,nan,-18.613,-47.429,28.816,nan,36,24
ID,AKP25,1,44,0,-15.163,-18.113,nan,-18.549,-43.429,24.880,nan,36,24
ID,AKP25,1,45,0,-14.163,-18.114,nan,-18.614,-39.429,20.815,nan,36,24
ID,AKP25,1,46,0,-13.163,-18.117,nan,-18.617,-35.429,16.813,nan,36,24
ID,AKP25,1,47,0,-12.163,-18.122,nan,-18.622,-31.429,12.808,nan,36,24
ID,AKP25,1,48,0,-11.163,-18.145,nan,-18.645,-27.429,8.785,nan,36,24
ID,AKP25,1,49,0,-10.163,-17.991,nan,-18.438,-23.429,4.992,nan,36,24
ID,AKP25,1,50,0,-9.163,-16.165,nan,-16.656,-19.429,2.773,nan,36,24
CSV_END
