Mode=precision ring_dim=131072 key_dist=SPARSE_TERNARY slots=131072 sf=59 eval_exp_degree=58 order=2 noise_stage=PRE_EVALEXP scaling=FIXEDMANUAL mul_depth=23 p_input=256 p_output=256 all_inputs=1 complex_lut=0 level_budget=3,2
Noise bases=16,17,18,19,20,21,22,23,24,25,26,27,28,29,30,31,32,33,34,35,36,37,38,39,40,41,42,43,44,45,46

ID          AKP25                        noise=16 PASS max_error=0 in=-32.230 lut=-14.428 out=-14.712 pred=-72.380 pred_gap=57.668 exp_ks=36 lut_ks=72 pred_status=optimistic
ID          AKP25                        noise=17 PASS max_error=0 in=-32.155 lut=-14.447 out=-14.921 pred=-72.154 pred_gap=57.233 exp_ks=36 lut_ks=72 pred_status=optimistic
ID          AKP25                        noise=18 PASS max_error=0 in=-32.281 lut=-14.435 out=-14.921 pred=-72.533 pred_gap=57.613 exp_ks=36 lut_ks=72 pred_status=optimistic
ID          AKP25                        noise=19 PASS max_error=0 in=-32.282 lut=-14.430 out=-14.921 pred=-72.537 pred_gap=57.616 exp_ks=36 lut_ks=72 pred_status=optimistic
ID          AKP25                        noise=20 PASS max_error=0 in=-32.330 lut=-14.426 out=-14.921 pred=-72.679 pred_gap=57.759 exp_ks=36 lut_ks=72 pred_status=optimistic
ID          AKP25                        noise=21 PASS max_error=0 in=-32.246 lut=-14.435 out=-14.921 pred=-72.427 pred_gap=57.507 exp_ks=36 lut_ks=72 pred_status=optimistic
ID          AKP25                        noise=22 PASS max_error=0 in=-32.212 lut=-14.436 out=-14.921 pred=-72.327 pred_gap=57.406 exp_ks=36 lut_ks=72 pred_status=optimistic
ID          AKP25                        noise=23 PASS max_error=0 in=-32.248 lut=-14.436 out=-14.921 pred=-72.435 pred_gap=57.514 exp_ks=36 lut_ks=72 pred_status=optimistic
ID          AKP25                        noise=24 PASS max_error=0 in=-32.187 lut=-14.433 out=-14.921 pred=-72.252 pred_gap=57.331 exp_ks=36 lut_ks=72 pred_status=optimistic
ID          AKP25                        noise=25 PASS max_error=0 in=-31.781 lut=-14.435 out=-14.921 pred=-71.033 pred_gap=56.112 exp_ks=36 lut_ks=72 pred_status=optimistic
ID          AKP25                        noise=26 PASS max_error=0 in=-31.650 lut=-14.448 out=-14.921 pred=-70.639 pred_gap=55.718 exp_ks=36 lut_ks=72 pred_status=optimistic
ID          AKP25                        noise=27 PASS max_error=0 in=-31.238 lut=-14.428 out=-14.921 pred=-69.404 pred_gap=54.484 exp_ks=36 lut_ks=72 pred_status=optimistic
ID          AKP25                        noise=28 PASS max_error=0 in=-30.623 lut=-14.435 out=-14.921 pred=-67.559 pred_gap=52.639 exp_ks=36 lut_ks=72 pred_status=optimistic
ID          AKP25                        noise=29 PASS max_error=0 in=-29.868 lut=-14.436 out=-14.921 pred=-65.295 pred_gap=50.374 exp_ks=36 lut_ks=72 pred_status=optimistic
ID          AKP25                        noise=30 PASS max_error=0 in=-29.020 lut=-14.308 out=-14.700 pred=-62.750 pred_gap=48.050 exp_ks=36 lut_ks=72 pred_status=optimistic
ID          AKP25                        noise=31 PASS max_error=0 in=-28.085 lut=-14.433 out=-14.921 pred=-59.945 pred_gap=45.024 exp_ks=36 lut_ks=72 pred_status=optimistic
ID          AKP25                        noise=32 PASS max_error=0 in=-27.119 lut=-14.428 out=-14.921 pred=-57.046 pred_gap=42.125 exp_ks=36 lut_ks=72 pred_status=optimistic
ID          AKP25                        noise=33 PASS max_error=0 in=-26.142 lut=-14.435 out=-14.921 pred=-54.115 pred_gap=39.195 exp_ks=36 lut_ks=72 pred_status=optimistic
ID          AKP25                        noise=34 PASS max_error=0 in=-25.152 lut=-14.426 out=-14.921 pred=-51.147 pred_gap=36.226 exp_ks=36 lut_ks=72 pred_status=optimistic
ID          AKP25                        noise=35 PASS max_error=0 in=-24.159 lut=-14.425 out=-14.921 pred=-48.166 pred_gap=33.245 exp_ks=36 lut_ks=72 pred_status=optimistic
ID          AKP25                        noise=36 PASS max_error=0 in=-23.161 lut=-14.447 out=-14.921 pred=-45.173 pred_gap=30.252 exp_ks=36 lut_ks=72 pred_status=optimistic
ID          AKP25                        noise=37 PASS max_error=0 in=-22.162 lut=-14.433 out=-14.921 pred=-42.177 pred_gap=27.255 exp_ks=36 lut_ks=72 pred_status=optimistic
ID          AKP25                        noise=38 PASS max_error=0 in=-21.163 lut=-14.433 out=-14.922 pred=-39.178 pred_gap=24.257 exp_ks=36 lut_ks=72 pred_status=optimistic
ID          AKP25                        noise=39 PASS max_error=0 in=-20.163 lut=-14.435 out=-14.922 pred=-36.180 pred_gap=21.257 exp_ks=36 lut_ks=72 pred_status=optimistic
ID          AKP25                        noise=40 PASS max_error=0 in=-19.163 lut=-14.422 out=-14.922 pred=-33.180 pred_gap=18.258 exp_ks=36 lut_ks=72 pred_status=optimistic
ID          AKP25                        noise=41 PASS max_error=0 in=-18.163 lut=-14.430 out=-14.919 pred=-30.180 pred_gap=15.261 exp_ks=36 lut_ks=72 pred_status=optimistic
ID          AKP25                        noise=42 PASS max_error=0 in=-17.163 lut=-14.425 out=-14.914 pred=-27.180 pred_gap=12.266 exp_ks=36 lut_ks=72 pred_status=optimistic
ID          AKP25                        noise=43 PASS max_error=0 in=-16.163 lut=-14.420 out=-14.909 pred=-24.180 pred_gap=9.271 exp_ks=36 lut_ks=72 pred_status=optimistic
ID          AKP25                        noise=44 PASS max_error=0 in=-15.163 lut=-14.413 out=-14.905 pred=-21.180 pred_gap=6.275 exp_ks=36 lut_ks=72 pred_status=optimistic
ID          AKP25                        noise=45 PASS max_error=0 in=-14.163 lut=-14.018 out=-14.518 pred=-18.180 pred_gap=3.662 exp_ks=36 lut_ks=72 pred_status=optimistic
ID          AKP25                        noise=46 PASS max_error=0 in=-13.163 lut=-12.409 out=-12.904 pred=-15.180 pred_gap=2.276 exp_ks=36 lut_ks=72 pred_status=optimistic

CSV_BEGIN
lut,method,run,noise_base,max_error,input_precision,lut_precision,lut_margin,output_precision,predicted_output_precision,prediction_gap,output_margin,eval_exp_key_switch_count,key_switch_count
ID,AKP25,1,16,0,-32.230,-14.428,nan,-14.712,-72.380,57.668,nan,36,72
ID,AKP25,1,17,0,-32.155,-14.447,nan,-14.921,-72.154,57.233,nan,36,72
ID,AKP25,1,18,0,-32.281,-14.435,nan,-14.921,-72.533,57.613,nan,36,72
ID,AKP25,1,19,0,-32.282,-14.430,nan,-14.921,-72.537,57.616,nan,36,72
ID,AKP25,1,20,0,-32.330,-14.426,nan,-14.921,-72.679,57.759,nan,36,72
ID,AKP25,1,21,0,-32.246,-14.435,nan,-14.921,-72.427,57.507,nan,36,72
ID,AKP25,1,22,0,-32.212,-14.436,nan,-14.921,-72.327,57.406,nan,36,72
ID,AKP25,1,23,0,-32.248,-14.436,nan,-14.921,-72.435,57.514,nan,36,72
ID,AKP25,1,24,0,-32.187,-14.433,nan,-14.921,-72.252,57.331,nan,36,72
ID,AKP25,1,25,0,-31.781,-14.435,nan,-14.921,-71.033,56.112,nan,36,72
ID,AKP25,1,26,0,-31.650,-14.448,nan,-14.921,-70.639,55.718,nan,36,72
ID,AKP25,1,27,0,-31.238,-14.428,nan,-14.921,-69.404,54.484,nan,36,72
ID,AKP25,1,28,0,-30.623,-14.435,nan,-14.921,-67.559,52.639,nan,36,72
ID,AKP25,1,29,0,-29.868,-14.436,nan,-14.921,-65.295,50.374,nan,36,72
ID,AKP25,1,30,0,-29.020,-14.308,nan,-14.700,-62.750,48.050,nan,36,72
ID,AKP25,1,31,0,-28.085,-14.433,nan,-14.921,-59.945,45.024,nan,36,72
ID,AKP25,1,32,0,-27.119,-14.428,nan,-14.921,-57.046,42.125,nan,36,72
ID,AKP25,1,33,0,-26.142,-14.435,nan,-14.921,-54.115,39.195,nan,36,72
ID,AKP25,1,34,0,-25.152,-14.426,nan,-14.921,-51.147,36.226,nan,36,72
ID,AKP25,1,35,0,-24.159,-14.425,nan,-14.921,-48.166,33.245,nan,36,72
ID,AKP25,1,36,0,-23.161,-14.447,nan,-14.921,-45.173,30.252,nan,36,72
ID,AKP25,1,37,0,-22.162,-14.433,nan,-14.921,-42.177,27.255,nan,36,72
ID,AKP25,1,38,0,-21.163,-14.433,nan,-14.922,-39.178,24.257,nan,36,72
ID,AKP25,1,39,0,-20.163,-14.435,nan,-14.922,-36.180,21.257,nan,36,72
ID,AKP25,1,40,0,-19.163,-14.422,nan,-14.922,-33.180,18.258,nan,36,72
ID,AKP25,1,41,0,-18.163,-14.430,nan,-14.919,-30.180,15.261,nan,36,72
ID,AKP25,1,42,0,-17.163,-14.425,nan,-14.914,-27.180,12.266,nan,36,72
ID,AKP25,1,43,0,-16.163,-14.420,nan,-14.909,-24.180,9.271,nan,36,72
ID,AKP25,1,44,0,-15.163,-14.413,nan,-14.905,-21.180,6.275,nan,36,72
ID,AKP25,1,45,0,-14.163,-14.018,nan,-14.518,-18.180,3.662,nan,36,72
ID,AKP25,1,46,0,-13.163,-12.409,nan,-12.904,-15.180,2.276,nan,36,72
CSV_END
