Mode=precision ring_dim=131072 key_dist=SPARSE_TERNARY slots=131072 sf=59 eval_exp_degree=58 order=1 noise_stage=PRE_EVALEXP scaling=FIXEDMANUAL mul_depth=23 p_input=256 p_output=256 all_inputs=1 complex_lut=0 level_budget=3,2
Noise bases=16,17,18,19,20,21,22,23,24,25,26,27,28,29,30,31,32,33,34,35,36,37,38,39,40,41,42,43,44,45,46

ID          BKSS24                       noise=16 PASS max_error=0 in=-32.262 lut=-25.887 out=-26.333 pred=-47.807 pred_gap=21.474 exp_ks=36 lut_ks=116 pred_status=optimistic
ID          BKSS24                       noise=17 PASS max_error=0 in=-32.358 lut=-25.887 out=-26.333 pred=-47.997 pred_gap=21.665 exp_ks=36 lut_ks=116 pred_status=optimistic
ID          BKSS24                       noise=18 PASS max_error=0 in=-32.248 lut=-25.858 out=-26.333 pred=-47.778 pred_gap=21.445 exp_ks=36 lut_ks=116 pred_status=optimistic
ID          BKSS24                       noise=19 PASS max_error=0 in=-32.222 lut=-25.862 out=-26.333 pred=-47.727 pred_gap=21.394 exp_ks=36 lut_ks=116 pred_status=optimistic
ID          BKSS24                       noise=20 PASS max_error=0 in=-32.127 lut=-25.858 out=-26.333 pred=-47.536 pred_gap=21.203 exp_ks=36 lut_ks=116 pred_status=optimistic
ID          BKSS24                       noise=21 PASS max_error=0 in=-32.235 lut=-25.921 out=-26.334 pred=-47.752 pred_gap=21.419 exp_ks=36 lut_ks=116 pred_status=optimistic
ID          BKSS24                       noise=22 PASS max_error=0 in=-32.076 lut=-25.863 out=-26.333 pred=-47.435 pred_gap=21.102 exp_ks=36 lut_ks=116 pred_status=optimistic
ID          BKSS24                       noise=23 PASS max_error=0 in=-32.319 lut=-25.899 out=-26.333 pred=-47.921 pred_gap=21.588 exp_ks=36 lut_ks=116 pred_status=optimistic
ID          BKSS24                       noise=24 PASS max_error=0 in=-32.228 lut=-25.902 out=-26.333 pred=-47.738 pred_gap=21.405 exp_ks=36 lut_ks=116 pred_status=optimistic
ID          BKSS24                       noise=25 PASS max_error=0 in=-31.798 lut=-25.879 out=-26.334 pred=-46.879 pred_gap=20.545 exp_ks=36 lut_ks=116 pred_status=optimistic
ID          BKSS24                       noise=26 PASS max_error=0 in=-31.662 lut=-25.901 out=-26.332 pred=-46.605 pred_gap=20.273 exp_ks=36 lut_ks=116 pred_status=optimistic
ID          BKSS24                       noise=27 PASS max_error=0 in=-31.237 lut=-25.859 out=-26.332 pred=-45.756 pred_gap=19.425 exp_ks=36 lut_ks=116 pred_status=optimistic
ID          BKSS24                       noise=28 PASS max_error=0 in=-30.620 lut=-25.858 out=-26.330 pred=-44.523 pred_gap=18.193 exp_ks=36 lut_ks=116 pred_status=optimistic
ID          BKSS24                       noise=29 PASS max_error=0 in=-29.871 lut=-25.894 out=-26.326 pred=-43.023 pred_gap=16.697 exp_ks=36 lut_ks=116 pred_status=optimistic
ID          BKSS24                       noise=30 PASS max_error=0 in=-29.008 lut=-25.887 out=-26.319 pred=-41.298 pred_gap=14.979 exp_ks=36 lut_ks=116 pred_status=optimistic
ID          BKSS24                       noise=31 PASS max_error=0 in=-28.080 lut=-25.849 out=-26.307 pred=-39.443 pred_gap=13.135 exp_ks=36 lut_ks=116 pred_status=optimistic
ID          BKSS24                       noise=32 PASS max_error=0 in=-27.117 lut=-25.857 out=-26.274 pred=-37.517 pred_gap=11.242 exp_ks=36 lut_ks=116 pred_status=optimistic
ID          BKSS24                       noise=33 PASS max_error=0 in=-26.143 lut=-25.780 out=-26.220 pred=-35.568 pred_gap=9.348 exp_ks=36 lut_ks=116 pred_status=optimistic
ID          BKSS24                       noise=34 PASS max_error=0 in=-25.153 lut=-25.642 out=-26.106 pred=-33.588 pred_gap=7.482 exp_ks=36 lut_ks=116 pred_status=optimistic
ID          BKSS24                       noise=35 PASS max_error=0 in=-24.158 lut=-25.493 out=-25.897 pred=-31.599 pred_gap=5.702 exp_ks=36 lut_ks=116 pred_status=optimistic
ID          BKSS24                       noise=36 PASS max_error=0 in=-23.161 lut=-25.018 out=-25.514 pred=-29.603 pred_gap=4.090 exp_ks=36 lut_ks=116 pred_status=optimistic
ID          BKSS24                       noise=37 PASS max_error=0 in=-22.162 lut=-24.392 out=-24.883 pred=-27.606 pred_gap=2.724 exp_ks=36 lut_ks=116 pred_status=optimistic
ID          BKSS24                       noise=38 PASS max_error=0 in=-21.163 lut=-23.430 out=-23.927 pred=-25.608 pred_gap=1.680 exp_ks=36 lut_ks=116 pred_status=optimistic
ID          BKSS24                       noise=39 PASS max_error=0 in=-20.163 lut=-22.143 out=-22.640 pred=-23.608 pred_gap=0.968 exp_ks=36 lut_ks=116 pred_status=optimistic
ID          BKSS24                       noise=40 PASS max_error=0 in=-19.163 lut=-20.583 out=-21.082 pred=-21.609 pred_gap=0.527 exp_ks=36 lut_ks=116 pred_status=optimistic
ID          BKSS24                       noise=41 PASS max_error=0 in=-18.163 lut=-18.833 out=-19.332 pred=-19.609 pred_gap=0.276 exp_ks=36 lut_ks=116 pred_status=optimistic
ID          BKSS24                       noise=42 PASS max_error=0 in=-17.163 lut=-16.965 out=-17.464 pred=-17.609 pred_gap=0.145 exp_ks=36 lut_ks=116 pred_status=optimistic
ID          BKSS24                       noise=43 PASS max_error=0 in=-16.163 lut=-15.031 out=-15.530 pred=-15.609 pred_gap=0.079 exp_ks=36 lut_ks=116
ID          BKSS24                       noise=44 PASS max_error=0 in=-15.163 lut=-13.059 out=-13.559 pred=-13.609 pred_gap=0.050 exp_ks=36 lut_ks=116
ID          BKSS24                       noise=45 PASS max_error=0 in=-14.163 lut=-11.067 out=-11.563 pred=-11.609 pred_gap=0.046 exp_ks=36 lut_ks=116
ID          BKSS24                       noise=46 PASS max_error=0 in=-13.163 lut=-9.045 out=-9.545 pred=-9.609 pred_gap=0.064 exp_ks=36 lut_ks=116

CSV_BEGIN
lut,method,run,noise_base,max_error,input_precision,lut_precision,lut_margin,output_precision,predicted_output_precision,prediction_gap,output_margin,eval_exp_key_switch_count,key_switch_count
ID,BKSS24,1,16,0,-32.262,-25.887,nan,-26.333,-47.807,21.474,nan,36,116
ID,BKSS24,1,17,0,-32.358,-25.887,nan,-26.333,-47.997,21.665,nan,36,116
ID,BKSS24,1,18,0,-32.248,-25.858,nan,-26.333,-47.778,21.445,nan,36,116
ID,BKSS24,1,19,0,-32.222,-25.862,nan,-26.333,-47.727,21.394,nan,36,116
ID,BKSS24,1,20,0,-32.127,-25.858,nan,-26.333,-47.536,21.203,nan,36,116
ID,BKSS24,1,21,0,-32.235,-25.921,nan,-26.334,-47.752,21.419,nan,36,116
ID,BKSS24,1,22,0,-32.076,-25.863,nan,-26.333,-47.435,21.102,nan,36,116
ID,BKSS24,1,23,0,-32.319,-25.899,nan,-26.333,-47.921,21.588,nan,36,116
ID,BKSS24,1,24,0,-32.228,-25.902,nan,-26.333,-47.738,21.405,nan,36,116
ID,BKSS24,1,25,0,-31.798,-25.879,nan,-26.334,-46.879,20.545,nan,36,116
ID,BKSS24,1,26,0,-31.662,-25.901,nan,-26.332,-46.605,20.273,nan,36,116
ID,BKSS24,1,27,0,-31.237,-25.859,nan,-26.332,-45.756,19.425,nan,36,116
ID,BKSS24,1,28,0,-30.620,-25.858,nan,-26.330,-44.523,18.193,nan,36,116
ID,BKSS24,1,29,0,-29.871,-25.894,nan,-26.326,-43.023,16.697,nan,36,116
ID,BKSS24,1,30,0,-29.008,-25.887,nan,-26.319,-41.298,14.979,nan,36,116
ID,BKSS24,1,31,0,-28.080,-25.849,nan,-26.307,-39.443,13.135,nan,36,116
ID,BKSS24,1,32,0,-27.117,-25.857,nan,-26.274,-37.517,11.242,nan,36,116
ID,BKSS24,1,33,0,-26.143,-25.780,nan,-26.220,-35.568,9.348,nan,36,116
ID,BKSS24,1,34,0,-25.153,-25.642,nan,-26.106,-33.588,7.482,nan,36,116
ID,BKSS24,1,35,0,-24.158,-25.493,nan,-25.897,-31.599,5.702,nan,36,116
ID,BKSS24,1,36,0,-23.161,-25.018,nan,-25.514,-29.603,4.090,nan,36,116
ID,BKSS24,1,37,0,-22.162,-24.392,nan,-24.883,-27.606,2.724,nan,36,116
ID,BKSS24,1,38,0,-21.163,-23.430,nan,-23.927,-25.608,1.680,nan,36,116
ID,BKSS24,1,39,0,-20.163,-22.143,nan,-22.640,-23.608,0.968,nan,36,116
ID,BKSS24,1,40,0,-19.163,-20.583,nan,-21.082,-21.609,0.527,nan,36,116
ID,BKSS24,1,41,0,-18.163,-18.833,nan,-19.332,-19.609,0.276,nan,36,116
ID,BKSS24,1,42,0,-17.163,-16.965,nan,-17.464,-17.609,0.145,nan,36,116
ID,BKSS24,1,43,0,-16.163,-15.031,nan,-15.530,-15.609,0.079,nan,36,116
ID,BKSS24,1,44,0,-15.163,-13.059,nan,-13.559,-13.609,0.050,nan,36,116
ID,BKSS24,1,45,0,-14.163,-11.067,nan,-11.563,-11.609,0.046,nan,36,116
ID,BKSS24,1,46,0,-13.163,-9.045,nan,-9.545,-9.609,0.064,nan,36,116
CSV_END
