Mode=precision ring_dim=65536 key_dist=SPARSE_TERNARY slots=65536 sf=59 eval_exp_degree=58 order=1 noise_stage=PRE_EVALEXP scaling=FIXEDMANUAL mul_depth=19 p_input=16 p_output=16 all_inputs=1 complex_lut=0 level_budget=3,2
Noise bases=16,17,18,19,20,21,22,23,24,25,26,27,28,29,30,31,32,33,34,35,36,37,38,39,40,41,42,43,44,45,46,47,48,49,50

ID          BKSS24                       noise=16 PASS max_error=0 in=-31.435 lut=-33.083 out=-33.487 pred=-54.158 pred_gap=20.671 exp_ks=36 lut_ks=28 pred_status=optimistic
ID          BKSS24                       noise=17 PASS max_error=0 in=-31.337 lut=-33.089 out=-33.487 pred=-53.962 pred_gap=20.475 exp_ks=36 lut_ks=28 pred_status=optimistic
ID          BKSS24                       noise=18 PASS max_error=0 in=-31.409 lut=-33.085 out=-33.486 pred=-54.106 pred_gap=20.620 exp_ks=36 lut_ks=28 pred_status=optimistic
ID          BKSS24                       noise=19 PASS max_error=0 in=-31.234 lut=-33.087 out=-33.487 pred=-53.755 pred_gap=20.268 exp_ks=36 lut_ks=28 pred_status=optimistic
ID          BKSS24                       noise=20 PASS max_error=0 in=-31.353 lut=-33.083 out=-33.486 pred=-53.993 pred_gap=20.507 exp_ks=36 lut_ks=28 pred_status=optimistic
ID          BKSS24                       noise=21 PASS max_error=0 in=-31.180 lut=-33.081 out=-33.487 pred=-53.647 pred_gap=20.161 exp_ks=36 lut_ks=28 pred_status=optimistic
ID          BKSS24                       noise=22 PASS max_error=0 in=-31.322 lut=-33.084 out=-33.486 pred=-53.932 pred_gap=20.445 exp_ks=36 lut_ks=28 pred_status=optimistic
ID          BKSS24                       noise=23 PASS max_error=0 in=-31.309 lut=-33.081 out=-33.486 pred=-53.906 pred_gap=20.419 exp_ks=36 lut_ks=28 pred_status=optimistic
ID          BKSS24                       noise=24 PASS max_error=0 in=-31.260 lut=-33.084 out=-33.486 pred=-53.807 pred_gap=20.321 exp_ks=36 lut_ks=28 pred_status=optimistic
ID          BKSS24                       noise=25 PASS max_error=0 in=-31.123 lut=-33.079 out=-33.486 pred=-53.534 pred_gap=20.048 exp_ks=36 lut_ks=28 pred_status=optimistic
ID          BKSS24                       noise=26 PASS max_error=0 in=-31.045 lut=-33.083 out=-33.486 pred=-53.377 pred_gap=19.891 exp_ks=36 lut_ks=28 pred_status=optimistic
ID          BKSS24                       noise=27 PASS max_error=0 in=-30.747 lut=-33.081 out=-33.486 pred=-52.782 pred_gap=19.296 exp_ks=36 lut_ks=28 pred_status=optimistic
ID          BKSS24                       noise=28 PASS max_error=0 in=-30.282 lut=-33.083 out=-33.484 pred=-51.852 pred_gap=18.367 exp_ks=36 lut_ks=28 pred_status=optimistic
ID          BKSS24                       noise=29 PASS max_error=0 in=-29.643 lut=-33.079 out=-33.482 pred=-50.574 pred_gap=17.092 exp_ks=36 lut_ks=28 pred_status=optimistic
ID          BKSS24                       noise=30 PASS max_error=0 in=-28.890 lut=-33.071 out=-33.478 pred=-49.067 pred_gap=15.589 exp_ks=36 lut_ks=28 pred_status=optimistic
ID          BKSS24                       noise=31 PASS max_error=0 in=-28.015 lut=-33.064 out=-33.469 pred=-47.317 pred_gap=13.847 exp_ks=36 lut_ks=28 pred_status=optimistic
ID          BKSS24                       noise=32 PASS max_error=0 in=-27.090 lut=-33.045 out=-33.452 pred=-45.468 pred_gap=12.016 exp_ks=36 lut_ks=28 pred_status=optimistic
ID          BKSS24                       noise=33 PASS max_error=0 in=-26.125 lut=-33.012 out=-33.418 pred=-43.537 pred_gap=10.120 exp_ks=36 lut_ks=28 pred_status=optimistic
ID          BKSS24                       noise=34 PASS max_error=0 in=-25.145 lut=-32.944 out=-33.349 pred=-41.578 pred_gap=8.228 exp_ks=36 lut_ks=28 pred_status=optimistic
ID          BKSS24                       noise=35 PASS max_error=0 in=-24.154 lut=-32.806 out=-33.216 pred=-39.596 pred_gap=6.380 exp_ks=36 lut_ks=28 pred_status=optimistic
ID          BKSS24                       noise=36 PASS max_error=0 in=-23.159 lut=-32.541 out=-32.958 pred=-37.605 pred_gap=4.647 exp_ks=36 lut_ks=28 pred_status=optimistic
ID          BKSS24                       noise=37 PASS max_error=0 in=-22.161 lut=-32.061 out=-32.485 pred=-35.610 pred_gap=3.124 exp_ks=36 lut_ks=28 pred_status=optimistic
ID          BKSS24                       noise=38 PASS max_error=0 in=-21.162 lut=-31.255 out=-31.694 pred=-33.612 pred_gap=1.918 exp_ks=36 lut_ks=28 pred_status=optimistic
ID          BKSS24                       noise=39 PASS max_error=0 in=-20.163 lut=-30.072 out=-30.530 pred=-31.613 pred_gap=1.083 exp_ks=36 lut_ks=28 pred_status=optimistic
ID          BKSS24                       noise=40 PASS max_error=0 in=-19.163 lut=-28.563 out=-29.037 pred=-29.614 pred_gap=0.577 exp_ks=36 lut_ks=28 pred_status=optimistic
ID          BKSS24                       noise=41 PASS max_error=0 in=-18.163 lut=-26.832 out=-27.317 pred=-27.614 pred_gap=0.297 exp_ks=36 lut_ks=28 pred_status=optimistic
ID          BKSS24                       noise=42 PASS max_error=0 in=-17.163 lut=-24.971 out=-25.464 pred=-25.614 pred_gap=0.151 exp_ks=36 lut_ks=28 pred_status=optimistic
ID          BKSS24                       noise=43 PASS max_error=0 in=-16.163 lut=-23.043 out=-23.539 pred=-23.615 pred_gap=0.076 exp_ks=36 lut_ks=28
ID          BKSS24                       noise=44 PASS max_error=0 in=-15.163 lut=-21.079 out=-21.577 pred=-21.615 pred_gap=0.037 exp_ks=36 lut_ks=28
ID          BKSS24                       noise=45 PASS max_error=0 in=-14.163 lut=-19.096 out=-19.595 pred=-19.615 pred_gap=0.020 exp_ks=36 lut_ks=28
ID          BKSS24                       noise=46 PASS max_error=0 in=-13.163 lut=-17.103 out=-17.602 pred=-17.615 pred_gap=0.012 exp_ks=36 lut_ks=28
ID          BKSS24                       noise=47 PASS max_error=0 in=-12.163 lut=-15.104 out=-15.604 pred=-15.615 pred_gap=0.011 exp_ks=36 lut_ks=28
ID          BKSS24                       noise=48 PASS max_error=0 in=-11.163 lut=-13.100 out=-13.600 pred=-13.615 pred_gap=0.014 exp_ks=36 lut_ks=28
ID          BKSS24                       noise=49 PASS max_error=0 in=-10.163 lut=-11.089 out=-11.589 pred=-11.615 pred_gap=0.025 exp_ks=36 lut_ks=28
ID          BKSS24                       noise=50 PASS max_error=0 in=-9.163 lut=-9.067 out=-9.567 pred=-9.615 pred_gap=0.048 exp_ks=36 lut_ks=28

CSV_BEGIN
lut,method,run,noise_base,max_error,input_precision,lut_precision,lut_margin,output_precision,predicted_output_precision,prediction_gap,output_margin,eval_exp_key_switch_count,key_switch_count
ID,BKSS24,1,16,0,-31.435,-33.083,nan,-33.487,-54.158,20.671,nan,36,28
ID,BKSS24,1,17,0,-31.337,-33.089,nan,-33.487,-53.962,20.475,nan,36,28
ID,BKSS24,1,18,0,-31.409,-33.085,nan,-33.486,-54.106,20.620,nan,36,28
ID,BKSS24,1,19,0,-31.234,-33.087,nan,-33.487,-53.755,20.268,nan,36,28
ID,BKSS24,1,20,0,-31.353,-33.083,nan,-33.486,-53.993,20.507,nan,36,28
ID,BKSS24,1,21,0,-31.180,-33.081,nan,-33.487,-53.647,20.161,nan,36,28
ID,BKSS24,1,22,0,-31.322,-33.084,nan,-33.486,-53.932,20.445,nan,36,28
ID,BKSS24,1,23,0,-31.309,-33.081,nan,-33.486,-53.906,20.419,nan,36,28
ID,BKSS24,1,24,0,-31.260,-33.084,nan,-33.486,-53.807,20.321,nan,36,28
ID,BKSS24,1,25,0,-31.123,-33.079,nan,-33.486,-53.534,20.048,nan,36,28
ID,BKSS24,1,26,0,-31.045,-33.083,nan,-33.486,-53.377,19.891,nan,36,28
ID,BKSS24,1,27,0,-30.747,-33.081,nan,-33.486,-52.782,19.296,nan,36,28
ID,BKSS24,1,28,0,-30.282,-33.083,nan,-33.484,-51.852,18.367,nan,36,28
ID,BKSS24,1,29,0,-29.643,-33.079,nan,-33.482,-50.574,17.092,nan,36,28
ID,BKSS24,1,30,0,-28.890,-33.071,nan,-33.478,-49.067,15.589,nan,36,28
ID,BKSS24,1,31,0,-28.015,-33.064,nan,-33.469,-47.317,13.847,nan,36,28
ID,BKSS24,1,32,0,-27.090,-33.045,nan,-33.452,-45.468,12.016,nan,36,28
ID,BKSS24,1,33,0,-26.125,-33.012,nan,-33.418,-43.537,10.120,nan,36,28
ID,BKSS24,1,34,0,-25.145,-32.944,nan,-33.349,-41.578,8.228,nan,36,28
ID,BKSS24,1,35,0,-24.154,-32.806,nan,-33.216,-39.596,6.380,nan,36,28
ID,BKSS24,1,36,0,-23.159,-32.541,nan,-32.958,-37.605,4.647,nan,36,28
ID,BKSS24,1,37,0,-22.161,-32.061,nan,-32.485,-35.610,3.124,nan,36,28
ID,BKSS24,1,38,0,-21.162,-31.255,nan,-31.694,-33.612,1.918,nan,36,28
ID,BKSS24,1,39,0,-20.163,-30.072,nan,-30.530,-31.613,1.083,nan,36,28
ID,BKSS24,1,40,0,-19.163,-28.563,nan,-29.037,-29.614,0.577,nan,36,28
ID,BKSS24,1,41,0,-18.163,-26.832,nan,-27.317,-27.614,0.297,nan,36,28
ID,BKSS24,1,42,0,-17.163,-24.971,nan,-25.464,-25.614,0.151,nan,36,28
ID,BKSS24,1,43,0,-16.163,-23.043,nan,-23.539,-23.615,0.076,nan,36,28
ID,BKSS24,1,44,0,-15.163,-21.079,nan,-21.577,-21.615,0.037,nan,36,28
ID,BKSS24,1,45,0,-14.163,-19.096,nan,-19.595,-19.615,0.020,nan,36,28
ID,BKSS24,1,46,0,-13.163,-17.103,nan,-17.602,-17.615,0.012,nan,36,28
ID,BKSS24,1,47,0,-12.163,-15.104,nan,-15.604,-15.615,0.011,nan,36,28
ID,BKSS24,1,48,0,-11.163,-13.100,nan,-13.600,-13.615,0.014,nan,36,28
ID,BKSS24,1,49,0,-10.163,-11.089,nan,-11.589,-11.615,0.025,nan,36,28
ID,BKSS24,1,50,0,-9.163,-9.067,nan,-9.567,-9.615,0.048,nan,36,28
CSV_END
