Mode=precision ring_dim=131072 key_dist=SPARSE_TERNARY slots=131072 sf=59 eval_exp_degree=58 order=1 noise_stage=PRE_EVALEXP scaling=FIXEDMANUAL mul_depth=24 p_input=256 p_output=256 all_inputs=1 complex_lut=0 level_budget=3,2
Noise bases=16,17,18,19,20,21,22,23,24,25,26,27,28,29,30,31,32,33,34,35,36,37,38,39,40,41,42,43,44,45,46

ID          FULL THI                     noise=16 PASS max_error=0 in=-32.225 lut=-22.343 out=-22.410 pred=-43.635 pred_gap=21.224 exp_ks=36 lut_ks=78 pred_status=optimistic
ID          FULL THI                     noise=17 PASS max_error=0 in=-32.211 lut=-22.356 out=-22.412 pred=-43.607 pred_gap=21.195 exp_ks=36 lut_ks=78 pred_status=optimistic
ID          FULL THI                     noise=18 PASS max_error=0 in=-32.162 lut=-22.143 out=-22.325 pred=-43.508 pred_gap=21.183 exp_ks=36 lut_ks=78 pred_status=optimistic
ID          FULL THI                     noise=19 PASS max_error=0 in=-32.372 lut=-22.241 out=-22.401 pred=-43.929 pred_gap=21.528 exp_ks=36 lut_ks=78 pred_status=optimistic
ID          FULL THI                     noise=20 PASS max_error=0 in=-32.351 lut=-22.306 out=-22.391 pred=-43.886 pred_gap=21.495 exp_ks=36 lut_ks=78 pred_status=optimistic
ID          FULL THI                     noise=21 PASS max_error=0 in=-32.248 lut=-22.143 out=-22.325 pred=-43.680 pred_gap=21.355 exp_ks=36 lut_ks=78 pred_status=optimistic
ID          FULL THI                     noise=22 PASS max_error=0 in=-32.243 lut=-22.355 out=-22.486 pred=-43.671 pred_gap=21.184 exp_ks=36 lut_ks=78 pred_status=optimistic
ID          FULL THI                     noise=23 PASS max_error=0 in=-32.220 lut=-22.235 out=-22.338 pred=-43.623 pred_gap=21.285 exp_ks=36 lut_ks=78 pred_status=optimistic
ID          FULL THI                     noise=24 PASS max_error=0 in=-32.069 lut=-22.144 out=-22.317 pred=-43.322 pred_gap=21.005 exp_ks=36 lut_ks=78 pred_status=optimistic
ID          FULL THI                     noise=25 PASS max_error=0 in=-31.901 lut=-22.235 out=-22.521 pred=-42.987 pred_gap=20.466 exp_ks=36 lut_ks=78 pred_status=optimistic
ID          FULL THI                     noise=26 PASS max_error=0 in=-31.637 lut=-22.230 out=-22.326 pred=-42.458 pred_gap=20.132 exp_ks=36 lut_ks=78 pred_status=optimistic
ID          FULL THI                     noise=27 PASS max_error=0 in=-31.200 lut=-22.351 out=-22.527 pred=-41.585 pred_gap=19.059 exp_ks=36 lut_ks=78 pred_status=optimistic
ID          FULL THI                     noise=28 PASS max_error=0 in=-30.656 lut=-22.241 out=-22.343 pred=-40.496 pred_gap=18.153 exp_ks=36 lut_ks=78 pred_status=optimistic
ID          FULL THI                     noise=29 PASS max_error=0 in=-29.859 lut=-22.221 out=-22.317 pred=-38.903 pred_gap=16.586 exp_ks=36 lut_ks=78 pred_status=optimistic
ID          FULL THI                     noise=30 PASS max_error=0 in=-28.980 lut=-22.256 out=-22.358 pred=-37.145 pred_gap=14.786 exp_ks=36 lut_ks=78 pred_status=optimistic
ID          FULL THI                     noise=31 PASS max_error=0 in=-28.087 lut=-22.326 out=-22.378 pred=-35.359 pred_gap=12.980 exp_ks=36 lut_ks=78 pred_status=optimistic
ID          FULL THI                     noise=32 PASS max_error=0 in=-27.124 lut=-22.339 out=-22.406 pred=-33.432 pred_gap=11.026 exp_ks=36 lut_ks=78 pred_status=optimistic
ID          FULL THI                     noise=33 PASS max_error=0 in=-26.140 lut=-22.072 out=-22.171 pred=-31.464 pred_gap=9.293 exp_ks=36 lut_ks=78 pred_status=optimistic
ID          FULL THI                     noise=34 PASS max_error=0 in=-25.154 lut=-22.134 out=-22.244 pred=-29.492 pred_gap=7.248 exp_ks=36 lut_ks=78 pred_status=optimistic
ID          FULL THI                     noise=35 PASS max_error=0 in=-24.158 lut=-21.825 out=-21.929 pred=-27.501 pred_gap=5.572 exp_ks=36 lut_ks=78 pred_status=optimistic
ID          FULL THI                     noise=36 PASS max_error=0 in=-23.161 lut=-21.313 out=-21.436 pred=-25.506 pred_gap=4.071 exp_ks=36 lut_ks=78 pred_status=optimistic
ID          FULL THI                     noise=37 PASS max_error=0 in=-22.162 lut=-20.785 out=-20.918 pred=-23.509 pred_gap=2.591 exp_ks=36 lut_ks=78 pred_status=optimistic
ID          FULL THI                     noise=38 PASS max_error=0 in=-21.163 lut=-19.464 out=-19.609 pred=-21.510 pred_gap=1.901 exp_ks=36 lut_ks=78 pred_status=optimistic
ID          FULL THI                     noise=39 PASS max_error=0 in=-20.163 lut=-18.107 out=-18.291 pred=-19.511 pred_gap=1.220 exp_ks=36 lut_ks=78 pred_status=optimistic
ID          FULL THI                     noise=40 PASS max_error=0 in=-19.163 lut=-16.512 out=-16.676 pred=-17.511 pred_gap=0.835 exp_ks=36 lut_ks=78 pred_status=optimistic
ID          FULL THI                     noise=41 PASS max_error=0 in=-18.163 lut=-14.747 out=-14.915 pred=-15.511 pred_gap=0.596 exp_ks=36 lut_ks=78 pred_status=optimistic
ID          FULL THI                     noise=42 PASS max_error=0 in=-17.163 lut=-12.874 out=-13.042 pred=-13.511 pred_gap=0.469 exp_ks=36 lut_ks=78 pred_status=optimistic
ID          FULL THI                     noise=43 PASS max_error=0 in=-16.163 lut=-10.941 out=-11.107 pred=-11.511 pred_gap=0.405 exp_ks=36 lut_ks=78 pred_status=optimistic
ID          FULL THI                     noise=44 PASS max_error=0 in=-15.163 lut=-8.974 out=-9.124 pred=-9.511 pred_gap=0.387 exp_ks=36 lut_ks=78 pred_status=optimistic
ID          FULL THI                     noise=45 FAIL max_error=254 in=-14.163 lut=-8.508 out=-9.000 pred=-7.511 pred_gap=-1.489 exp_ks=36 lut_ks=78
ID          FULL THI                     noise=46 FAIL max_error=251 in=-13.163 lut=-8.505 out=-9.000 pred=-5.511 pred_gap=-3.489 exp_ks=36 lut_ks=78

CSV_BEGIN
lut,method,run,noise_base,max_error,input_precision,lut_precision,lut_margin,output_precision,predicted_output_precision,prediction_gap,output_margin,eval_exp_key_switch_count,key_switch_count
ID,FULL THI,1,16,0,-32.225,-22.343,nan,-22.410,-43.635,21.224,nan,36,78
ID,FULL THI,1,17,0,-32.211,-22.356,nan,-22.412,-43.607,21.195,nan,36,78
ID,FULL THI,1,18,0,-32.162,-22.143,nan,-22.325,-43.508,21.183,nan,36,78
ID,FULL THI,1,19,0,-32.372,-22.241,nan,-22.401,-43.929,21.528,nan,36,78
ID,FULL THI,1,20,0,-32.351,-22.306,nan,-22.391,-43.886,21.495,nan,36,78
ID,FULL THI,1,21,0,-32.248,-22.143,nan,-22.325,-43.680,21.355,nan,36,78
ID,FULL THI,1,22,0,-32.243,-22.355,nan,-22.486,-43.671,21.184,nan,36,78
ID,FULL THI,1,23,0,-32.220,-22.235,nan,-22.338,-43.623,21.285,nan,36,78
ID,FULL THI,1,24,0,-32.069,-22.144,nan,-22.317,-43.322,21.005,nan,36,78
ID,FULL THI,1,25,0,-31.901,-22.235,nan,-22.521,-42.987,20.466,nan,36,78
ID,FULL THI,1,26,0,-31.637,-22.230,nan,-22.326,-42.458,20.132,nan,36,78
ID,FULL THI,1,27,0,-31.200,-22.351,nan,-22.527,-41.585,19.059,nan,36,78
ID,FULL THI,1,28,0,-30.656,-22.241,nan,-22.343,-40.496,18.153,nan,36,78
ID,FULL THI,1,29,0,-29.859,-22.221,nan,-22.317,-38.903,16.586,nan,36,78
ID,FULL THI,1,30,0,-28.980,-22.256,nan,-22.358,-37.145,14.786,nan,36,78
ID,FULL THI,1,31,0,-28.087,-22.326,nan,-22.378,-35.359,12.980,nan,36,78
ID,FULL THI,1,32,0,-27.124,-22.339,nan,-22.406,-33.432,11.026,nan,36,78
ID,FULL THI,1,33,0,-26.140,-22.072,nan,-22.171,-31.464,9.293,nan,36,78
ID,FULL THI,1,34,0,-25.154,-22.134,nan,-22.244,-29.492,7.248,nan,36,78
ID,FULL THI,1,35,0,-24.158,-21.825,nan,-21.929,-27.501,5.572,nan,36,78
ID,FULL THI,1,36,0,-23.161,-21.313,nan,-21.436,-25.506,4.071,nan,36,78
ID,FULL THI,1,37,0,-22.162,-20.785,nan,-20.918,-23.509,2.591,nan,36,78
ID,FULL THI,1,38,0,-21.163,-19.464,nan,-19.609,-21.510,1.901,nan,36,78
ID,FULL THI,1,39,0,-20.163,-18.107,nan,-18.291,-19.511,1.220,nan,36,78
ID,FULL THI,1,40,0,-19.163,-16.512,nan,-16.676,-17.511,0.835,nan,36,78
ID,FULL THI,1,41,0,-18.163,-14.747,nan,-14.915,-15.511,0.596,nan,36,78
ID,FULL THI,1,42,0,-17.163,-12.874,nan,-13.042,-13.511,0.469,nan,36,78
ID,FULL THI,1,43,0,-16.163,-10.941,nan,-11.107,-11.511,0.405,nan,36,78
ID,FULL THI,1,44,0,-15.163,-8.974,nan,-9.124,-9.511,0.387,nan,36,78
ID,FULL THI,1,45,254,-14.163,-8.508,nan,-9.000,-7.511,-1.489,nan,36,78
ID,FULL THI,1,46,251,-13.163,-8.505,nan,-9.000,-5.511,-3.489,nan,36,78
CSV_END
