Mode=precision ring_dim=65536 key_dist=SPARSE_TERNARY slots=65536 sf=59 eval_exp_degree=58 order=1 noise_stage=PRE_EVALEXP scaling=FIXEDMANUAL mul_depth=20 p_input=16 p_output=16 all_inputs=1 complex_lut=0 level_budget=3,2
Noise bases=16,17,18,19,20,21,22,23,24,25,26,27,28,29,30,31,32,33,34,35,36,37,38,39,40,41,42,43,44,45,46,47,48,49,50

ID          FULL THI                     noise=16 PASS max_error=0 in=-31.108 lut=-31.039 out=-31.043 pred=-50.573 pred_gap=19.530 exp_ks=36 lut_ks=22 pred_status=optimistic
ID          FULL THI                     noise=17 PASS max_error=0 in=-31.263 lut=-31.113 out=-31.122 pred=-50.883 pred_gap=19.761 exp_ks=36 lut_ks=22 pred_status=optimistic
ID          FULL THI                     noise=18 PASS max_error=0 in=-31.244 lut=-31.041 out=-31.043 pred=-50.846 pred_gap=19.803 exp_ks=36 lut_ks=22 pred_status=optimistic
ID          FULL THI                     noise=19 PASS max_error=0 in=-31.348 lut=-31.040 out=-31.043 pred=-51.053 pred_gap=20.011 exp_ks=36 lut_ks=22 pred_status=optimistic
ID          FULL THI                     noise=20 PASS max_error=0 in=-31.242 lut=-31.040 out=-31.043 pred=-50.841 pred_gap=19.799 exp_ks=36 lut_ks=22 pred_status=optimistic
ID          FULL THI                     noise=21 PASS max_error=0 in=-31.205 lut=-31.155 out=-31.173 pred=-50.767 pred_gap=19.595 exp_ks=36 lut_ks=22 pred_status=optimistic
ID          FULL THI                     noise=22 PASS max_error=0 in=-31.323 lut=-31.042 out=-31.043 pred=-51.003 pred_gap=19.960 exp_ks=36 lut_ks=22 pred_status=optimistic
ID          FULL THI                     noise=23 PASS max_error=0 in=-31.290 lut=-31.041 out=-31.043 pred=-50.937 pred_gap=19.894 exp_ks=36 lut_ks=22 pred_status=optimistic
ID          FULL THI                     noise=24 PASS max_error=0 in=-31.331 lut=-31.039 out=-31.043 pred=-51.020 pred_gap=19.977 exp_ks=36 lut_ks=22 pred_status=optimistic
ID          FULL THI                     noise=25 PASS max_error=0 in=-31.168 lut=-31.061 out=-31.122 pred=-50.693 pred_gap=19.571 exp_ks=36 lut_ks=22 pred_status=optimistic
ID          FULL THI                     noise=26 PASS max_error=0 in=-30.890 lut=-31.039 out=-31.043 pred=-50.137 pred_gap=19.094 exp_ks=36 lut_ks=22 pred_status=optimistic
ID          FULL THI                     noise=27 PASS max_error=0 in=-30.774 lut=-31.039 out=-31.043 pred=-49.905 pred_gap=18.862 exp_ks=36 lut_ks=22 pred_status=optimistic
ID          FULL THI                     noise=28 PASS max_error=0 in=-30.308 lut=-31.114 out=-31.123 pred=-48.973 pred_gap=17.850 exp_ks=36 lut_ks=22 pred_status=optimistic
ID          FULL THI                     noise=29 PASS max_error=0 in=-29.626 lut=-31.042 out=-31.044 pred=-47.609 pred_gap=16.565 exp_ks=36 lut_ks=22 pred_status=optimistic
ID          FULL THI                     noise=30 PASS max_error=0 in=-28.893 lut=-31.158 out=-31.173 pred=-46.143 pred_gap=14.970 exp_ks=36 lut_ks=22 pred_status=optimistic
ID          FULL THI                     noise=31 PASS max_error=0 in=-28.024 lut=-31.118 out=-31.127 pred=-44.405 pred_gap=13.278 exp_ks=36 lut_ks=22 pred_status=optimistic
ID          FULL THI                     noise=32 PASS max_error=0 in=-27.092 lut=-31.125 out=-31.132 pred=-42.542 pred_gap=11.410 exp_ks=36 lut_ks=22 pred_status=optimistic
ID          FULL THI                     noise=33 PASS max_error=0 in=-26.123 lut=-31.054 out=-31.061 pred=-40.603 pred_gap=9.542 exp_ks=36 lut_ks=22 pred_status=optimistic
ID          FULL THI                     noise=34 PASS max_error=0 in=-25.143 lut=-30.995 out=-31.101 pred=-38.643 pred_gap=7.542 exp_ks=36 lut_ks=22 pred_status=optimistic
ID          FULL THI                     noise=35 PASS max_error=0 in=-24.153 lut=-30.740 out=-30.834 pred=-36.663 pred_gap=5.829 exp_ks=36 lut_ks=22 pred_status=optimistic
ID          FULL THI                     noise=36 PASS max_error=0 in=-23.158 lut=-30.416 out=-30.462 pred=-34.674 pred_gap=4.212 exp_ks=36 lut_ks=22 pred_status=optimistic
ID          FULL THI                     noise=37 PASS max_error=0 in=-22.161 lut=-29.597 out=-29.651 pred=-32.680 pred_gap=3.029 exp_ks=36 lut_ks=22 pred_status=optimistic
ID          FULL THI                     noise=38 PASS max_error=0 in=-21.162 lut=-28.617 out=-28.634 pred=-30.682 pred_gap=2.048 exp_ks=36 lut_ks=22 pred_status=optimistic
ID          FULL THI                     noise=39 PASS max_error=0 in=-20.163 lut=-27.258 out=-27.282 pred=-28.683 pred_gap=1.401 exp_ks=36 lut_ks=22 pred_status=optimistic
ID          FULL THI                     noise=40 PASS max_error=0 in=-19.163 lut=-25.677 out=-25.691 pred=-26.684 pred_gap=0.992 exp_ks=36 lut_ks=22 pred_status=optimistic
ID          FULL THI                     noise=41 PASS max_error=0 in=-18.163 lut=-23.919 out=-23.927 pred=-24.684 pred_gap=0.757 exp_ks=36 lut_ks=22 pred_status=optimistic
ID          FULL THI                     noise=42 PASS max_error=0 in=-17.163 lut=-22.047 out=-22.059 pred=-22.684 pred_gap=0.626 exp_ks=36 lut_ks=22 pred_status=optimistic
ID          FULL THI                     noise=43 PASS max_error=0 in=-16.163 lut=-20.115 out=-20.126 pred=-20.684 pred_gap=0.558 exp_ks=36 lut_ks=22 pred_status=optimistic
ID          FULL THI                     noise=44 PASS max_error=0 in=-15.163 lut=-18.149 out=-18.161 pred=-18.684 pred_gap=0.524 exp_ks=36 lut_ks=22 pred_status=optimistic
ID          FULL THI                     noise=45 PASS max_error=0 in=-14.163 lut=-16.166 out=-16.177 pred=-16.684 pred_gap=0.507 exp_ks=36 lut_ks=22 pred_status=optimistic
ID          FULL THI                     noise=46 PASS max_error=0 in=-13.163 lut=-14.174 out=-14.185 pred=-14.684 pred_gap=0.500 exp_ks=36 lut_ks=22 pred_status=optimistic
ID          FULL THI                     noise=47 PASS max_error=0 in=-12.163 lut=-12.177 out=-12.186 pred=-12.684 pred_gap=0.498 exp_ks=36 lut_ks=22 pred_status=optimistic
ID          FULL THI                     noise=48 PASS max_error=0 in=-11.163 lut=-10.177 out=-10.183 pred=-10.684 pred_gap=0.502 exp_ks=36 lut_ks=22 pred_status=optimistic
ID          FULL THI                     noise=49 PASS max_error=0 in=-10.163 lut=-8.173 out=-8.175 pred=-8.684 pred_gap=0.510 exp_ks=36 lut_ks=22 pred_status=optimistic
ID          FULL THI                     noise=50 PASS max_error=0 in=-9.163 lut=-6.165 out=-6.165 pred=-6.684 pred_gap=0.519 exp_ks=36 lut_ks=22 pred_status=optimistic

CSV_BEGIN
lut,method,run,noise_base,max_error,input_precision,lut_precision,lut_margin,output_precision,predicted_output_precision,prediction_gap,output_margin,eval_exp_key_switch_count,key_switch_count
ID,FULL THI,1,16,0,-31.108,-31.039,nan,-31.043,-50.573,19.530,nan,36,22
ID,FULL THI,1,17,0,-31.263,-31.113,nan,-31.122,-50.883,19.761,nan,36,22
ID,FULL THI,1,18,0,-31.244,-31.041,nan,-31.043,-50.846,19.803,nan,36,22
ID,FULL THI,1,19,0,-31.348,-31.040,nan,-31.043,-51.053,20.011,nan,36,22
ID,FULL THI,1,20,0,-31.242,-31.040,nan,-31.043,-50.841,19.799,nan,36,22
ID,FULL THI,1,21,0,-31.205,-31.155,nan,-31.173,-50.767,19.595,nan,36,22
ID,FULL THI,1,22,0,-31.323,-31.042,nan,-31.043,-51.003,19.960,nan,36,22
ID,FULL THI,1,23,0,-31.290,-31.041,nan,-31.043,-50.937,19.894,nan,36,22
ID,FULL THI,1,24,0,-31.331,-31.039,nan,-31.043,-51.020,19.977,nan,36,22
ID,FULL THI,1,25,0,-31.168,-31.061,nan,-31.122,-50.693,19.571,nan,36,22
ID,FULL THI,1,26,0,-30.890,-31.039,nan,-31.043,-50.137,19.094,nan,36,22
ID,FULL THI,1,27,0,-30.774,-31.039,nan,-31.043,-49.905,18.862,nan,36,22
ID,FULL THI,1,28,0,-30.308,-31.114,nan,-31.123,-48.973,17.850,nan,36,22
ID,FULL THI,1,29,0,-29.626,-31.042,nan,-31.044,-47.609,16.565,nan,36,22
ID,FULL THI,1,30,0,-28.893,-31.158,nan,-31.173,-46.143,14.970,nan,36,22
ID,FULL THI,1,31,0,-28.024,-31.118,nan,-31.127,-44.405,13.278,nan,36,22
ID,FULL THI,1,32,0,-27.092,-31.125,nan,-31.132,-42.542,11.410,nan,36,22
ID,FULL THI,1,33,0,-26.123,-31.054,nan,-31.061,-40.603,9.542,nan,36,22
ID,FULL THI,1,34,0,-25.143,-30.995,nan,-31.101,-38.643,7.542,nan,36,22
ID,FULL THI,1,35,0,-24.153,-30.740,nan,-30.834,-36.663,5.829,nan,36,22
ID,FULL THI,1,36,0,-23.158,-30.416,nan,-30.462,-34.674,4.212,nan,36,22
ID,FULL THI,1,37,0,-22.161,-29.597,nan,-29.651,-32.680,3.029,nan,36,22
ID,FULL THI,1,38,0,-21.162,-28.617,nan,-28.634,-30.682,2.048,nan,36,22
ID,FULL THI,1,39,0,-20.163,-27.258,nan,-27.282,-28.683,1.401,nan,36,22
ID,FULL THI,1,40,0,-19.163,-25.677,nan,-25.691,-26.684,0.992,nan,36,22
ID,FULL THI,1,41,0,-18.163,-23.919,nan,-23.927,-24.684,0.757,nan,36,22
ID,FULL THI,1,42,0,-17.163,-22.047,nan,-22.059,-22.684,0.626,nan,36,22
ID,FULL THI,1,43,0,-16.163,-20.115,nan,-20.126,-20.684,0.558,nan,36,22
ID,FULL THI,1,44,0,-15.163,-18.149,nan,-18.161,-18.684,0.524,nan,36,22
ID,FULL THI,1,45,0,-14.163,-16.166,nan,-16.177,-16.684,0.507,nan,36,22
ID,FULL THI,1,46,0,-13.163,-14.174,nan,-14.185,-14.684,0.500,nan,36,22
ID,FULL THI,1,47,0,-12.163,-12.177,nan,-12.186,-12.684,0.498,nan,36,22
ID,FULL THI,1,48,0,-11.163,-10.177,nan,-10.183,-10.684,0.502,nan,36,22
ID,FULL THI,1,49,0,-10.163,-8.173,nan,-8.175,-8.684,0.510,nan,36,22
ID,FULL THI,1,50,0,-9.163,-6.165,nan,-6.165,-6.684,0.519,nan,36,22
CSV_END
