Mode=precision ring_dim=131072 key_dist=SPARSE_TERNARY slots=131072 sf=59 eval_exp_degree=58 order=2 noise_stage=PRE_EVALEXP scaling=FIXEDMANUAL mul_depth=24 p_input=256 p_output=256 all_inputs=1 complex_lut=0 level_budget=3,2
Noise bases=16,17,18,19,20,21,22,23,24,25,26,27,28,29,30,31,32,33,34,35,36,37,38,39,40,41,42,43,44,45,46

ID          Sparse THI                   noise=16 PASS max_error=0 in=-32.353 lut=-29.489 out=-29.992 pred=-68.730 pred_gap=38.737 exp_ks=36 lut_ks=78 pred_status=optimistic
ID          Sparse THI                   noise=17 PASS max_error=0 in=-32.264 lut=-29.489 out=-29.993 pred=-68.465 pred_gap=38.473 exp_ks=36 lut_ks=78 pred_status=optimistic
ID          Sparse THI                   noise=18 PASS max_error=0 in=-32.148 lut=-29.489 out=-29.993 pred=-68.117 pred_gap=38.125 exp_ks=36 lut_ks=78 pred_status=optimistic
ID          Sparse THI                   noise=19 PASS max_error=0 in=-32.314 lut=-29.489 out=-29.992 pred=-68.615 pred_gap=38.622 exp_ks=36 lut_ks=78 pred_status=optimistic
ID          Sparse THI                   noise=20 PASS max_error=0 in=-32.202 lut=-29.489 out=-29.992 pred=-68.278 pred_gap=38.286 exp_ks=36 lut_ks=78 pred_status=optimistic
ID          Sparse THI                   noise=21 PASS max_error=0 in=-32.188 lut=-29.489 out=-29.992 pred=-68.235 pred_gap=38.243 exp_ks=36 lut_ks=78 pred_status=optimistic
ID          Sparse THI                   noise=22 PASS max_error=0 in=-32.104 lut=-29.489 out=-29.993 pred=-67.984 pred_gap=37.991 exp_ks=36 lut_ks=78 pred_status=optimistic
ID          Sparse THI                   noise=23 PASS max_error=0 in=-32.258 lut=-29.489 out=-29.993 pred=-68.445 pred_gap=38.453 exp_ks=36 lut_ks=78 pred_status=optimistic
ID          Sparse THI                   noise=24 PASS max_error=0 in=-31.874 lut=-29.489 out=-29.992 pred=-67.295 pred_gap=37.303 exp_ks=36 lut_ks=78 pred_status=optimistic
ID          Sparse THI                   noise=25 PASS max_error=0 in=-31.993 lut=-29.489 out=-29.992 pred=-67.651 pred_gap=37.659 exp_ks=36 lut_ks=78 pred_status=optimistic
ID          Sparse THI                   noise=26 PASS max_error=0 in=-31.669 lut=-29.489 out=-29.992 pred=-66.680 pred_gap=36.688 exp_ks=36 lut_ks=78 pred_status=optimistic
ID          Sparse THI                   noise=27 PASS max_error=0 in=-31.249 lut=-29.489 out=-29.992 pred=-65.418 pred_gap=35.426 exp_ks=36 lut_ks=78 pred_status=optimistic
ID          Sparse THI                   noise=28 PASS max_error=0 in=-30.620 lut=-29.489 out=-29.993 pred=-63.532 pred_gap=33.540 exp_ks=36 lut_ks=78 pred_status=optimistic
ID          Sparse THI                   noise=29 PASS max_error=0 in=-29.861 lut=-29.489 out=-29.993 pred=-61.255 pred_gap=31.262 exp_ks=36 lut_ks=78 pred_status=optimistic
ID          Sparse THI                   noise=30 PASS max_error=0 in=-29.012 lut=-29.489 out=-29.993 pred=-58.707 pred_gap=28.714 exp_ks=36 lut_ks=78 pred_status=optimistic
ID          Sparse THI                   noise=31 PASS max_error=0 in=-28.086 lut=-29.489 out=-29.992 pred=-55.929 pred_gap=25.936 exp_ks=36 lut_ks=78 pred_status=optimistic
ID          Sparse THI                   noise=32 PASS max_error=0 in=-27.126 lut=-29.489 out=-29.992 pred=-53.048 pred_gap=23.056 exp_ks=36 lut_ks=78 pred_status=optimistic
ID          Sparse THI                   noise=33 PASS max_error=0 in=-26.143 lut=-29.489 out=-29.992 pred=-50.100 pred_gap=20.107 exp_ks=36 lut_ks=78 pred_status=optimistic
ID          Sparse THI                   noise=34 PASS max_error=0 in=-25.153 lut=-29.489 out=-29.992 pred=-47.132 pred_gap=17.139 exp_ks=36 lut_ks=78 pred_status=optimistic
ID          Sparse THI                   noise=35 PASS max_error=0 in=-24.158 lut=-29.489 out=-29.992 pred=-44.147 pred_gap=14.155 exp_ks=36 lut_ks=78 pred_status=optimistic
ID          Sparse THI                   noise=36 PASS max_error=0 in=-23.161 lut=-29.489 out=-29.992 pred=-41.154 pred_gap=11.162 exp_ks=36 lut_ks=78 pred_status=optimistic
ID          Sparse THI                   noise=37 PASS max_error=0 in=-22.162 lut=-29.489 out=-29.992 pred=-38.158 pred_gap=8.166 exp_ks=36 lut_ks=78 pred_status=optimistic
ID          Sparse THI                   noise=38 PASS max_error=0 in=-21.163 lut=-29.488 out=-29.993 pred=-35.161 pred_gap=5.168 exp_ks=36 lut_ks=78 pred_status=optimistic
ID          Sparse THI                   noise=39 PASS max_error=0 in=-20.163 lut=-29.427 out=-29.927 pred=-32.161 pred_gap=2.234 exp_ks=36 lut_ks=78 pred_status=optimistic
ID          Sparse THI                   noise=40 PASS max_error=0 in=-19.163 lut=-28.320 out=-28.795 pred=-29.162 pred_gap=0.367 exp_ks=36 lut_ks=78 pred_status=optimistic
ID          Sparse THI                   noise=41 PASS max_error=0 in=-18.163 lut=-25.926 out=-26.422 pred=-26.162 pred_gap=-0.260 exp_ks=36 lut_ks=78
ID          Sparse THI                   noise=42 PASS max_error=0 in=-17.163 lut=-23.160 out=-23.661 pred=-23.162 pred_gap=-0.498 exp_ks=36 lut_ks=78
ID          Sparse THI                   noise=43 PASS max_error=0 in=-16.163 lut=-20.253 out=-20.753 pred=-20.162 pred_gap=-0.590 exp_ks=36 lut_ks=78
ID          Sparse THI                   noise=44 PASS max_error=0 in=-15.163 lut=-17.285 out=-17.772 pred=-17.162 pred_gap=-0.609 exp_ks=36 lut_ks=78
ID          Sparse THI                   noise=45 PASS max_error=0 in=-14.163 lut=-14.226 out=-14.726 pred=-14.162 pred_gap=-0.564 exp_ks=36 lut_ks=78
ID          Sparse THI                   noise=46 PASS max_error=0 in=-13.163 lut=-11.109 out=-11.609 pred=-11.162 pred_gap=-0.447 exp_ks=36 lut_ks=78

CSV_BEGIN
lut,method,run,noise_base,max_error,input_precision,lut_precision,lut_margin,output_precision,predicted_output_precision,prediction_gap,output_margin,eval_exp_key_switch_count,key_switch_count
ID,Sparse THI,1,16,0,-32.353,-29.489,nan,-29.992,-68.730,38.737,nan,36,78
ID,Sparse THI,1,17,0,-32.264,-29.489,nan,-29.993,-68.465,38.473,nan,36,78
ID,Sparse THI,1,18,0,-32.148,-29.489,nan,-29.993,-68.117,38.125,nan,36,78
ID,Sparse THI,1,19,0,-32.314,-29.489,nan,-29.992,-68.615,38.622,nan,36,78
ID,Sparse THI,1,20,0,-32.202,-29.489,nan,-29.992,-68.278,38.286,nan,36,78
ID,Sparse THI,1,21,0,-32.188,-29.489,nan,-29.992,-68.235,38.243,nan,36,78
ID,Sparse THI,1,22,0,-32.104,-29.489,nan,-29.993,-67.984,37.991,nan,36,78
ID,Sparse THI,1,23,0,-32.258,-29.489,nan,-29.993,-68.445,38.453,nan,36,78
ID,Sparse THI,1,24,0,-31.874,-29.489,nan,-29.992,-67.295,37.303,nan,36,78
ID,Sparse THI,1,25,0,-31.993,-29.489,nan,-29.992,-67.651,37.659,nan,36,78
ID,Sparse THI,1,26,0,-31.669,-29.489,nan,-29.992,-66.680,36.688,nan,36,78
ID,Sparse THI,1,27,0,-31.249,-29.489,nan,-29.992,-65.418,35.426,nan,36,78
ID,Sparse THI,1,28,0,-30.620,-29.489,nan,-29.993,-63.532,33.540,nan,36,78
ID,Sparse THI,1,29,0,-29.861,-29.489,nan,-29.993,-61.255,31.262,nan,36,78
ID,Sparse THI,1,30,0,-29.012,-29.489,nan,-29.993,-58.707,28.714,nan,36,78
ID,Sparse THI,1,31,0,-28.086,-29.489,nan,-29.992,-55.929,25.936,nan,36,78
ID,Sparse THI,1,32,0,-27.126,-29.489,nan,-29.992,-53.048,23.056,nan,36,78
ID,Sparse THI,1,33,0,-26.143,-29.489,nan,-29.992,-50.100,20.107,nan,36,78
ID,Sparse THI,1,34,0,-25.153,-29.489,nan,-29.992,-47.132,17.139,nan,36,78
ID,Sparse THI,1,35,0,-24.158,-29.489,nan,-29.992,-44.147,14.155,nan,36,78
ID,Sparse THI,1,36,0,-23.161,-29.489,nan,-29.992,-41.154,11.162,nan,36,78
ID,Sparse THI,1,37,0,-22.162,-29.489,nan,-29.992,-38.158,8.166,nan,36,78
ID,Sparse THI,1,38,0,-21.163,-29.488,nan,-29.993,-35.161,5.168,nan,36,78
ID,Sparse THI,1,39,0,-20.163,-29.427,nan,-29.927,-32.161,2.234,nan,36,78
ID,Sparse THI,1,40,0,-19.163,-28.320,nan,-28.795,-29.162,0.367,nan,36,78
ID,Sparse THI,1,41,0,-18.163,-25.926,nan,-26.422,-26.162,-0.260,nan,36,78
ID,Sparse THI,1,42,0,-17.163,-23.160,nan,-23.661,-23.162,-0.498,nan,36,78
ID,Sparse THI,1,43,0,-16.163,-20.253,nan,-20.753,-20.162,-0.590,nan,36,78
ID,Sparse THI,1,44,0,-15.163,-17.285,nan,-17.772,-17.162,-0.609,nan,36,78
ID,Sparse THI,1,45,0,-14.163,-14.226,nan,-14.726,-14.162,-0.564,nan,36,78
ID,Sparse THI,1,46,0,-13.163,-11.109,nan,-11.609,-11.162,-0.447,nan,36,78
CSV_END
