Mode=precision ring_dim=131072 key_dist=SPARSE_TERNARY slots=131072 sf=59 eval_exp_degree=58 order=3 noise_stage=PRE_EVALEXP scaling=FIXEDMANUAL mul_depth=21 p_input=16 p_output=16 all_inputs=1 complex_lut=0 level_budget=3,2
Noise bases=16,17,18,19,20,21,22,23,24,25,26,27,28,29,30,31,32,33,34,35,36,37,38,39,40,41,42,43,44,45,46,47,48,49,50

ID          Sparse THI                   noise=16 PASS max_error=0 in=-32.283 lut=-30.363 out=-30.869 pred=-106.460 pred_gap=75.590 exp_ks=36 lut_ks=34 pred_status=optimistic
ID          Sparse THI                   noise=17 PASS max_error=0 in=-32.171 lut=-30.363 out=-30.869 pred=-106.010 pred_gap=75.141 exp_ks=36 lut_ks=34 pred_status=optimistic
ID          Sparse THI                   noise=18 PASS max_error=0 in=-32.335 lut=-30.363 out=-30.869 pred=-106.668 pred_gap=75.798 exp_ks=36 lut_ks=34 pred_status=optimistic
ID          Sparse THI                   noise=19 PASS max_error=0 in=-32.162 lut=-30.363 out=-30.869 pred=-105.974 pred_gap=75.105 exp_ks=36 lut_ks=34 pred_status=optimistic
ID          Sparse THI                   noise=20 PASS max_error=0 in=-32.214 lut=-30.363 out=-30.869 pred=-106.183 pred_gap=75.314 exp_ks=36 lut_ks=34 pred_status=optimistic
ID          Sparse THI                   noise=21 PASS max_error=0 in=-32.162 lut=-30.363 out=-30.869 pred=-105.975 pred_gap=75.106 exp_ks=36 lut_ks=34 pred_status=optimistic
ID          Sparse THI                   noise=22 PASS max_error=0 in=-32.299 lut=-30.363 out=-30.869 pred=-106.521 pred_gap=75.652 exp_ks=36 lut_ks=34 pred_status=optimistic
ID          Sparse THI                   noise=23 PASS max_error=0 in=-32.265 lut=-30.363 out=-30.869 pred=-106.388 pred_gap=75.519 exp_ks=36 lut_ks=34 pred_status=optimistic
ID          Sparse THI                   noise=24 PASS max_error=0 in=-32.059 lut=-30.363 out=-30.870 pred=-105.564 pred_gap=74.694 exp_ks=36 lut_ks=34 pred_status=optimistic
ID          Sparse THI                   noise=25 PASS max_error=0 in=-31.917 lut=-30.363 out=-30.869 pred=-104.996 pred_gap=74.126 exp_ks=36 lut_ks=34 pred_status=optimistic
ID          Sparse THI                   noise=26 PASS max_error=0 in=-31.628 lut=-30.363 out=-30.869 pred=-103.837 pred_gap=72.968 exp_ks=36 lut_ks=34 pred_status=optimistic
ID          Sparse THI                   noise=27 PASS max_error=0 in=-31.257 lut=-30.363 out=-30.869 pred=-102.354 pred_gap=71.485 exp_ks=36 lut_ks=34 pred_status=optimistic
ID          Sparse THI                   noise=28 PASS max_error=0 in=-30.597 lut=-30.363 out=-30.869 pred=-99.713 pred_gap=68.844 exp_ks=36 lut_ks=34 pred_status=optimistic
ID          Sparse THI                   noise=29 PASS max_error=0 in=-29.872 lut=-30.363 out=-30.869 pred=-96.813 pred_gap=65.943 exp_ks=36 lut_ks=34 pred_status=optimistic
ID          Sparse THI                   noise=30 PASS max_error=0 in=-28.998 lut=-30.363 out=-30.869 pred=-93.319 pred_gap=62.450 exp_ks=36 lut_ks=34 pred_status=optimistic
ID          Sparse THI                   noise=31 PASS max_error=0 in=-28.074 lut=-30.363 out=-30.869 pred=-89.624 pred_gap=58.754 exp_ks=36 lut_ks=34 pred_status=optimistic
ID          Sparse THI                   noise=32 PASS max_error=0 in=-27.123 lut=-30.363 out=-30.869 pred=-85.819 pred_gap=54.950 exp_ks=36 lut_ks=34 pred_status=optimistic
ID          Sparse THI                   noise=33 PASS max_error=0 in=-26.140 lut=-30.363 out=-30.869 pred=-81.887 pred_gap=51.017 exp_ks=36 lut_ks=34 pred_status=optimistic
ID          Sparse THI                   noise=34 PASS max_error=0 in=-25.153 lut=-30.363 out=-30.869 pred=-77.937 pred_gap=47.067 exp_ks=36 lut_ks=34 pred_status=optimistic
ID          Sparse THI                   noise=35 PASS max_error=0 in=-24.158 lut=-30.363 out=-30.869 pred=-73.959 pred_gap=43.090 exp_ks=36 lut_ks=34 pred_status=optimistic
ID          Sparse THI                   noise=36 PASS max_error=0 in=-23.161 lut=-30.363 out=-30.869 pred=-69.969 pred_gap=39.100 exp_ks=36 lut_ks=34 pred_status=optimistic
ID          Sparse THI                   noise=37 PASS max_error=0 in=-22.162 lut=-30.363 out=-30.869 pred=-65.974 pred_gap=35.105 exp_ks=36 lut_ks=34 pred_status=optimistic
ID          Sparse THI                   noise=38 PASS max_error=0 in=-21.163 lut=-30.363 out=-30.870 pred=-61.977 pred_gap=31.107 exp_ks=36 lut_ks=34 pred_status=optimistic
ID          Sparse THI                   noise=39 PASS max_error=0 in=-20.163 lut=-30.363 out=-30.869 pred=-57.979 pred_gap=27.109 exp_ks=36 lut_ks=34 pred_status=optimistic
ID          Sparse THI                   noise=40 PASS max_error=0 in=-19.163 lut=-30.363 out=-30.869 pred=-53.979 pred_gap=23.110 exp_ks=36 lut_ks=34 pred_status=optimistic
ID          Sparse THI                   noise=41 PASS max_error=0 in=-18.163 lut=-30.363 out=-30.869 pred=-49.980 pred_gap=19.110 exp_ks=36 lut_ks=34 pred_status=optimistic
ID          Sparse THI                   noise=42 PASS max_error=0 in=-17.163 lut=-30.363 out=-30.869 pred=-45.980 pred_gap=15.110 exp_ks=36 lut_ks=34 pred_status=optimistic
ID          Sparse THI                   noise=43 PASS max_error=0 in=-16.163 lut=-30.364 out=-30.869 pred=-41.980 pred_gap=11.110 exp_ks=36 lut_ks=34 pred_status=optimistic
ID          Sparse THI                   noise=44 PASS max_error=0 in=-15.163 lut=-30.372 out=-30.869 pred=-37.980 pred_gap=7.111 exp_ks=36 lut_ks=34 pred_status=optimistic
ID          Sparse THI                   noise=45 PASS max_error=0 in=-14.163 lut=-30.376 out=-30.864 pred=-33.980 pred_gap=3.115 exp_ks=36 lut_ks=34 pred_status=optimistic
ID          Sparse THI                   noise=46 PASS max_error=0 in=-13.163 lut=-29.460 out=-29.954 pred=-29.980 pred_gap=0.026 exp_ks=36 lut_ks=34
ID          Sparse THI                   noise=47 PASS max_error=0 in=-12.163 lut=-25.688 out=-26.188 pred=-25.980 pred_gap=-0.208 exp_ks=36 lut_ks=34
ID          Sparse THI                   noise=48 PASS max_error=0 in=-11.163 lut=-21.682 out=-22.182 pred=-21.980 pred_gap=-0.202 exp_ks=36 lut_ks=34
ID          Sparse THI                   noise=49 PASS max_error=0 in=-10.163 lut=-17.640 out=-18.140 pred=-17.980 pred_gap=-0.160 exp_ks=36 lut_ks=34
ID          Sparse THI                   noise=50 PASS max_error=0 in=-9.163 lut=-13.575 out=-14.075 pred=-13.980 pred_gap=-0.095 exp_ks=36 lut_ks=34

CSV_BEGIN
lut,method,run,noise_base,max_error,input_precision,lut_precision,lut_margin,output_precision,predicted_output_precision,prediction_gap,output_margin,eval_exp_key_switch_count,key_switch_count
ID,Sparse THI,1,16,0,-32.283,-30.363,nan,-30.869,-106.460,75.590,nan,36,34
ID,Sparse THI,1,17,0,-32.171,-30.363,nan,-30.869,-106.010,75.141,nan,36,34
ID,Sparse THI,1,18,0,-32.335,-30.363,nan,-30.869,-106.668,75.798,nan,36,34
ID,Sparse THI,1,19,0,-32.162,-30.363,nan,-30.869,-105.974,75.105,nan,36,34
ID,Sparse THI,1,20,0,-32.214,-30.363,nan,-30.869,-106.183,75.314,nan,36,34
ID,Sparse THI,1,21,0,-32.162,-30.363,nan,-30.869,-105.975,75.106,nan,36,34
ID,Sparse THI,1,22,0,-32.299,-30.363,nan,-30.869,-106.521,75.652,nan,36,34
ID,Sparse THI,1,23,0,-32.265,-30.363,nan,-30.869,-106.388,75.519,nan,36,34
ID,Sparse THI,1,24,0,-32.059,-30.363,nan,-30.870,-105.564,74.694,nan,36,34
ID,Sparse THI,1,25,0,-31.917,-30.363,nan,-30.869,-104.996,74.126,nan,36,34
ID,Sparse THI,1,26,0,-31.628,-30.363,nan,-30.869,-103.837,72.968,nan,36,34
ID,Sparse THI,1,27,0,-31.257,-30.363,nan,-30.869,-102.354,71.485,nan,36,34
ID,Sparse THI,1,28,0,-30.597,-30.363,nan,-30.869,-99.713,68.844,nan,36,34
ID,Sparse THI,1,29,0,-29.872,-30.363,nan,-30.869,-96.813,65.943,nan,36,34
ID,Sparse THI,1,30,0,-28.998,-30.363,nan,-30.869,-93.319,62.450,nan,36,34
ID,Sparse THI,1,31,0,-28.074,-30.363,nan,-30.869,-89.624,58.754,nan,36,34
ID,Sparse THI,1,32,0,-27.123,-30.363,nan,-30.869,-85.819,54.950,nan,36,34
ID,Sparse THI,1,33,0,-26.140,-30.363,nan,-30.869,-81.887,51.017,nan,36,34
ID,Sparse THI,1,34,0,-25.153,-30.363,nan,-30.869,-77.937,47.067,nan,36,34
ID,Sparse THI,1,35,0,-24.158,-30.363,nan,-30.869,-73.959,43.090,nan,36,34
ID,Sparse THI,1,36,0,-23.161,-30.363,nan,-30.869,-69.969,39.100,nan,36,34
ID,Sparse THI,1,37,0,-22.162,-30.363,nan,-30.869,-65.974,35.105,nan,36,34
ID,Sparse THI,1,38,0,-21.163,-30.363,nan,-30.870,-61.977,31.107,nan,36,34
ID,Sparse THI,1,39,0,-20.163,-30.363,nan,-30.869,-57.979,27.109,nan,36,34
ID,Sparse THI,1,40,0,-19.163,-30.363,nan,-30.869,-53.979,23.110,nan,36,34
ID,Sparse THI,1,41,0,-18.163,-30.363,nan,-30.869,-49.980,19.110,nan,36,34
ID,Sparse THI,1,42,0,-17.163,-30.363,nan,-30.869,-45.980,15.110,nan,36,34
ID,Sparse THI,1,43,0,-16.163,-30.364,nan,-30.869,-41.980,11.110,nan,36,34
ID,Sparse THI,1,44,0,-15.163,-30.372,nan,-30.869,-37.980,7.111,nan,36,34
ID,Sparse THI,1,45,0,-14.163,-30.376,nan,-30.864,-33.980,3.115,nan,36,34
ID,Sparse THI,1,46,0,-13.163,-29.460,nan,-29.954,-29.980,0.026,nan,36,34
ID,Sparse THI,1,47,0,-12.163,-25.688,nan,-26.188,-25.980,-0.208,nan,36,34
ID,Sparse THI,1,48,0,-11.163,-21.682,nan,-22.182,-21.980,-0.202,nan,36,34
ID,Sparse THI,1,49,0,-10.163,-17.640,nan,-18.140,-17.980,-0.160,nan,36,34
ID,Sparse THI,1,50,0,-9.163,-13.575,nan,-14.075,-13.980,-0.095,nan,36,34
CSV_END
