Mode=precision ring_dim=65536 key_dist=SPARSE_TERNARY slots=65536 sf=59 eval_exp_degree=58 order=2 noise_stage=PRE_EVALEXP scaling=FIXEDMANUAL mul_depth=20 p_input=16 p_output=16 all_inputs=1 complex_lut=0 level_budget=3,2
Noise bases=16,17,18,19,20,21,22,23,24,25,26,27,28,29,30,31,32,33,34,35,36,37,38,39,40,41,42,43,44,45,46,47,48,49,50

ID          Sparse THI                   noise=16 PASS max_error=0 in=-31.348 lut=-31.677 out=-32.183 pred=-77.750 pred_gap=45.567 exp_ks=36 lut_ks=28 pred_status=optimistic
ID          Sparse THI                   noise=17 PASS max_error=0 in=-31.379 lut=-31.677 out=-32.183 pred=-77.844 pred_gap=45.661 exp_ks=36 lut_ks=28 pred_status=optimistic
ID          Sparse THI                   noise=18 PASS max_error=0 in=-31.262 lut=-31.676 out=-32.183 pred=-77.491 pred_gap=45.308 exp_ks=36 lut_ks=28 pred_status=optimistic
ID          Sparse THI                   noise=19 PASS max_error=0 in=-31.172 lut=-31.677 out=-32.183 pred=-77.222 pred_gap=45.039 exp_ks=36 lut_ks=28 pred_status=optimistic
ID          Sparse THI                   noise=20 PASS max_error=0 in=-31.340 lut=-31.677 out=-32.183 pred=-77.727 pred_gap=45.544 exp_ks=36 lut_ks=28 pred_status=optimistic
ID          Sparse THI                   noise=21 PASS max_error=0 in=-31.351 lut=-31.677 out=-32.183 pred=-77.760 pred_gap=45.577 exp_ks=36 lut_ks=28 pred_status=optimistic
ID          Sparse THI                   noise=22 PASS max_error=0 in=-31.280 lut=-31.677 out=-32.183 pred=-77.544 pred_gap=45.361 exp_ks=36 lut_ks=28 pred_status=optimistic
ID          Sparse THI                   noise=23 PASS max_error=0 in=-31.297 lut=-31.677 out=-32.183 pred=-77.598 pred_gap=45.415 exp_ks=36 lut_ks=28 pred_status=optimistic
ID          Sparse THI                   noise=24 PASS max_error=0 in=-30.930 lut=-31.677 out=-32.183 pred=-76.495 pred_gap=44.312 exp_ks=36 lut_ks=28 pred_status=optimistic
ID          Sparse THI                   noise=25 PASS max_error=0 in=-31.108 lut=-31.677 out=-32.183 pred=-77.031 pred_gap=44.848 exp_ks=36 lut_ks=28 pred_status=optimistic
ID          Sparse THI                   noise=26 PASS max_error=0 in=-30.979 lut=-31.677 out=-32.183 pred=-76.641 pred_gap=44.458 exp_ks=36 lut_ks=28 pred_status=optimistic
ID          Sparse THI                   noise=27 PASS max_error=0 in=-30.779 lut=-31.676 out=-32.183 pred=-76.042 pred_gap=43.859 exp_ks=36 lut_ks=28 pred_status=optimistic
ID          Sparse THI                   noise=28 PASS max_error=0 in=-30.278 lut=-31.677 out=-32.183 pred=-74.539 pred_gap=42.356 exp_ks=36 lut_ks=28 pred_status=optimistic
ID          Sparse THI                   noise=29 PASS max_error=0 in=-29.605 lut=-31.677 out=-32.183 pred=-72.522 pred_gap=40.339 exp_ks=36 lut_ks=28 pred_status=optimistic
ID          Sparse THI                   noise=30 PASS max_error=0 in=-28.870 lut=-31.677 out=-32.183 pred=-70.314 pred_gap=38.132 exp_ks=36 lut_ks=28 pred_status=optimistic
ID          Sparse THI                   noise=31 PASS max_error=0 in=-28.019 lut=-31.676 out=-32.183 pred=-67.764 pred_gap=35.581 exp_ks=36 lut_ks=28 pred_status=optimistic
ID          Sparse THI                   noise=32 PASS max_error=0 in=-27.085 lut=-31.677 out=-32.183 pred=-64.959 pred_gap=32.776 exp_ks=36 lut_ks=28 pred_status=optimistic
ID          Sparse THI                   noise=33 PASS max_error=0 in=-26.124 lut=-31.677 out=-32.183 pred=-62.077 pred_gap=29.894 exp_ks=36 lut_ks=28 pred_status=optimistic
ID          Sparse THI                   noise=34 PASS max_error=0 in=-25.145 lut=-31.677 out=-32.183 pred=-59.140 pred_gap=26.957 exp_ks=36 lut_ks=28 pred_status=optimistic
ID          Sparse THI                   noise=35 PASS max_error=0 in=-24.152 lut=-31.677 out=-32.183 pred=-56.163 pred_gap=23.980 exp_ks=36 lut_ks=28 pred_status=optimistic
ID          Sparse THI                   noise=36 PASS max_error=0 in=-23.159 lut=-31.677 out=-32.183 pred=-53.182 pred_gap=20.999 exp_ks=36 lut_ks=28 pred_status=optimistic
ID          Sparse THI                   noise=37 PASS max_error=0 in=-22.161 lut=-31.677 out=-32.183 pred=-50.189 pred_gap=18.006 exp_ks=36 lut_ks=28 pred_status=optimistic
ID          Sparse THI                   noise=38 PASS max_error=0 in=-21.162 lut=-31.677 out=-32.183 pred=-47.192 pred_gap=15.009 exp_ks=36 lut_ks=28 pred_status=optimistic
ID          Sparse THI                   noise=39 PASS max_error=0 in=-20.163 lut=-31.676 out=-32.183 pred=-44.194 pred_gap=12.011 exp_ks=36 lut_ks=28 pred_status=optimistic
ID          Sparse THI                   noise=40 PASS max_error=0 in=-19.163 lut=-31.676 out=-32.182 pred=-41.195 pred_gap=9.012 exp_ks=36 lut_ks=28 pred_status=optimistic
ID          Sparse THI                   noise=41 PASS max_error=0 in=-18.163 lut=-31.672 out=-32.178 pred=-38.195 pred_gap=6.017 exp_ks=36 lut_ks=28 pred_status=optimistic
ID          Sparse THI                   noise=42 PASS max_error=0 in=-17.163 lut=-31.640 out=-32.146 pred=-35.196 pred_gap=3.049 exp_ks=36 lut_ks=28 pred_status=optimistic
ID          Sparse THI                   noise=43 PASS max_error=0 in=-16.163 lut=-31.045 out=-31.642 pred=-32.196 pred_gap=0.553 exp_ks=36 lut_ks=28 pred_status=optimistic
ID          Sparse THI                   noise=44 PASS max_error=0 in=-15.163 lut=-29.187 out=-29.713 pred=-29.196 pred_gap=-0.517 exp_ks=36 lut_ks=28
ID          Sparse THI                   noise=45 PASS max_error=0 in=-14.163 lut=-26.441 out=-26.944 pred=-26.196 pred_gap=-0.749 exp_ks=36 lut_ks=28
ID          Sparse THI                   noise=46 PASS max_error=0 in=-13.163 lut=-23.477 out=-23.977 pred=-23.196 pred_gap=-0.782 exp_ks=36 lut_ks=28
ID          Sparse THI                   noise=47 PASS max_error=0 in=-12.163 lut=-20.466 out=-20.966 pred=-20.196 pred_gap=-0.771 exp_ks=36 lut_ks=28
ID          Sparse THI                   noise=48 PASS max_error=0 in=-11.163 lut=-17.427 out=-17.927 pred=-17.196 pred_gap=-0.731 exp_ks=36 lut_ks=28
ID          Sparse THI                   noise=49 PASS max_error=0 in=-10.163 lut=-14.348 out=-14.848 pred=-14.196 pred_gap=-0.652 exp_ks=36 lut_ks=28
ID          Sparse THI                   noise=50 PASS max_error=0 in=-9.163 lut=-11.207 out=-11.707 pred=-11.196 pred_gap=-0.511 exp_ks=36 lut_ks=28

CSV_BEGIN
lut,method,run,noise_base,max_error,input_precision,lut_precision,lut_margin,output_precision,predicted_output_precision,prediction_gap,output_margin,eval_exp_key_switch_count,key_switch_count
ID,Sparse THI,1,16,0,-31.348,-31.677,nan,-32.183,-77.750,45.567,nan,36,28
ID,Sparse THI,1,17,0,-31.379,-31.677,nan,-32.183,-77.844,45.661,nan,36,28
ID,Sparse THI,1,18,0,-31.262,-31.676,nan,-32.183,-77.491,45.308,nan,36,28
ID,Sparse THI,1,19,0,-31.172,-31.677,nan,-32.183,-77.222,45.039,nan,36,28
ID,Sparse THI,1,20,0,-31.340,-31.677,nan,-32.183,-77.727,45.544,nan,36,28
ID,Sparse THI,1,21,0,-31.351,-31.677,nan,-32.183,-77.760,45.577,nan,36,28
ID,Sparse THI,1,22,0,-31.280,-31.677,nan,-32.183,-77.544,45.361,nan,36,28
ID,Sparse THI,1,23,0,-31.297,-31.677,nan,-32.183,-77.598,45.415,nan,36,28
ID,Sparse THI,1,24,0,-30.930,-31.677,nan,-32.183,-76.495,44.312,nan,36,28
ID,Sparse THI,1,25,0,-31.108,-31.677,nan,-32.183,-77.031,44.848,nan,36,28
ID,Sparse THI,1,26,0,-30.979,-31.677,nan,-32.183,-76.641,44.458,nan,36,28
ID,Sparse THI,1,27,0,-30.779,-31.676,nan,-32.183,-76.042,43.859,nan,36,28
ID,Sparse THI,1,28,0,-30.278,-31.677,nan,-32.183,-74.539,42.356,nan,36,28
ID,Sparse THI,1,29,0,-29.605,-31.677,nan,-32.183,-72.522,40.339,nan,36,28
ID,Sparse THI,1,30,0,-28.870,-31.677,nan,-32.183,-70.314,38.132,nan,36,28
ID,Sparse THI,1,31,0,-28.019,-31.676,nan,-32.183,-67.764,35.581,nan,36,28
ID,Sparse THI,1,32,0,-27.085,-31.677,nan,-32.183,-64.959,32.776,nan,36,28
ID,Sparse THI,1,33,0,-26.124,-31.677,nan,-32.183,-62.077,29.894,nan,36,28
ID,Sparse THI,1,34,0,-25.145,-31.677,nan,-32.183,-59.140,26.957,nan,36,28
ID,Sparse THI,1,35,0,-24.152,-31.677,nan,-32.183,-56.163,23.980,nan,36,28
ID,Sparse THI,1,36,0,-23.159,-31.677,nan,-32.183,-53.182,20.999,nan,36,28
ID,Sparse THI,1,37,0,-22.161,-31.677,nan,-32.183,-50.189,18.006,nan,36,28
ID,Sparse THI,1,38,0,-21.162,-31.677,nan,-32.183,-47.192,15.009,nan,36,28
ID,Sparse THI,1,39,0,-20.163,-31.676,nan,-32.183,-44.194,12.011,nan,36,28
ID,Sparse THI,1,40,0,-19.163,-31.676,nan,-32.182,-41.195,9.012,nan,36,28
ID,Sparse THI,1,41,0,-18.163,-31.672,nan,-32.178,-38.195,6.017,nan,36,28
ID,Sparse THI,1,42,0,-17.163,-31.640,nan,-32.146,-35.196,3.049,nan,36,28
ID,Sparse THI,1,43,0,-16.163,-31.045,nan,-31.642,-32.196,0.553,nan,36,28
ID,Sparse THI,1,44,0,-15.163,-29.187,nan,-29.713,-29.196,-0.517,nan,36,28
ID,Sparse THI,1,45,0,-14.163,-26.441,nan,-26.944,-26.196,-0.749,nan,36,28
ID,Sparse THI,1,46,0,-13.163,-23.477,nan,-23.977,-23.196,-0.782,nan,36,28
ID,Sparse THI,1,47,0,-12.163,-20.466,nan,-20.966,-20.196,-0.771,nan,36,28
ID,Sparse THI,1,48,0,-11.163,-17.427,nan,-17.927,-17.196,-0.731,nan,36,28
ID,Sparse THI,1,49,0,-10.163,-14.348,nan,-14.848,-14.196,-0.652,nan,36,28
ID,Sparse THI,1,50,0,-9.163,-11.207,nan,-11.707,-11.196,-0.511,nan,36,28
CSV_END
