Mode=precision ring_dim=131072 key_dist=SPARSE_TERNARY slots=131072 sf=59 eval_exp_degree=58 order=1 noise_stage=PRE_EVALEXP scaling=FIXEDMANUAL mul_depth=23 p_input=256 p_output=256 all_inputs=1 complex_lut=0 level_budget=3,2
Noise bases=16,17,18,19,20,21,22,23,24,25,26,27,28,29,30,31,32,33,34,35,36,37,38,39,40,41,42,43,44,45,46

ID          Sparse THI                   noise=16 PASS max_error=0 in=-32.300 lut=-25.698 out=-25.945 pred=-46.534 pred_gap=20.589 exp_ks=36 lut_ks=68 pred_status=optimistic
ID          Sparse THI                   noise=17 PASS max_error=0 in=-32.117 lut=-25.627 out=-25.945 pred=-46.169 pred_gap=20.223 exp_ks=36 lut_ks=68 pred_status=optimistic
ID          Sparse THI                   noise=18 PASS max_error=0 in=-32.135 lut=-25.698 out=-25.945 pred=-46.205 pred_gap=20.259 exp_ks=36 lut_ks=68 pred_status=optimistic
ID          Sparse THI                   noise=19 PASS max_error=0 in=-32.221 lut=-25.627 out=-25.945 pred=-46.377 pred_gap=20.432 exp_ks=36 lut_ks=68 pred_status=optimistic
ID          Sparse THI                   noise=20 PASS max_error=0 in=-32.172 lut=-25.562 out=-25.945 pred=-46.279 pred_gap=20.334 exp_ks=36 lut_ks=68 pred_status=optimistic
ID          Sparse THI                   noise=21 PASS max_error=0 in=-32.127 lut=-25.716 out=-25.945 pred=-46.190 pred_gap=20.245 exp_ks=36 lut_ks=68 pred_status=optimistic
ID          Sparse THI                   noise=22 PASS max_error=0 in=-32.243 lut=-25.627 out=-25.945 pred=-46.421 pred_gap=20.475 exp_ks=36 lut_ks=68 pred_status=optimistic
ID          Sparse THI                   noise=23 PASS max_error=0 in=-32.187 lut=-25.627 out=-25.946 pred=-46.310 pred_gap=20.364 exp_ks=36 lut_ks=68 pred_status=optimistic
ID          Sparse THI                   noise=24 PASS max_error=0 in=-32.102 lut=-25.638 out=-25.946 pred=-46.140 pred_gap=20.194 exp_ks=36 lut_ks=68 pred_status=optimistic
ID          Sparse THI                   noise=25 PASS max_error=0 in=-31.942 lut=-25.627 out=-25.946 pred=-45.819 pred_gap=19.873 exp_ks=36 lut_ks=68 pred_status=optimistic
ID          Sparse THI                   noise=26 PASS max_error=0 in=-31.573 lut=-25.638 out=-25.947 pred=-45.081 pred_gap=19.134 exp_ks=36 lut_ks=68 pred_status=optimistic
ID          Sparse THI                   noise=27 PASS max_error=0 in=-31.180 lut=-25.726 out=-25.948 pred=-44.296 pred_gap=18.348 exp_ks=36 lut_ks=68 pred_status=optimistic
ID          Sparse THI                   noise=28 PASS max_error=0 in=-30.635 lut=-25.447 out=-25.951 pred=-43.206 pred_gap=17.255 exp_ks=36 lut_ks=68 pred_status=optimistic
ID          Sparse THI                   noise=29 PASS max_error=0 in=-29.862 lut=-25.710 out=-25.948 pred=-41.660 pred_gap=15.712 exp_ks=36 lut_ks=68 pred_status=optimistic
ID          Sparse THI                   noise=30 PASS max_error=0 in=-28.982 lut=-25.614 out=-25.937 pred=-39.900 pred_gap=13.963 exp_ks=36 lut_ks=68 pred_status=optimistic
ID          Sparse THI                   noise=31 PASS max_error=0 in=-28.088 lut=-25.601 out=-25.917 pred=-38.111 pred_gap=12.194 exp_ks=36 lut_ks=68 pred_status=optimistic
ID          Sparse THI                   noise=32 PASS max_error=0 in=-27.121 lut=-25.575 out=-25.877 pred=-36.176 pred_gap=10.300 exp_ks=36 lut_ks=68 pred_status=optimistic
ID          Sparse THI                   noise=33 PASS max_error=0 in=-26.137 lut=-25.549 out=-25.798 pred=-34.209 pred_gap=8.412 exp_ks=36 lut_ks=68 pred_status=optimistic
ID          Sparse THI                   noise=34 PASS max_error=0 in=-25.153 lut=-25.363 out=-25.648 pred=-32.242 pred_gap=6.594 exp_ks=36 lut_ks=68 pred_status=optimistic
ID          Sparse THI                   noise=35 PASS max_error=0 in=-24.159 lut=-25.057 out=-25.373 pred=-30.252 pred_gap=4.879 exp_ks=36 lut_ks=68 pred_status=optimistic
ID          Sparse THI                   noise=36 PASS max_error=0 in=-23.161 lut=-24.525 out=-24.902 pred=-28.257 pred_gap=3.355 exp_ks=36 lut_ks=68 pred_status=optimistic
ID          Sparse THI                   noise=37 PASS max_error=0 in=-22.162 lut=-23.855 out=-24.160 pred=-26.260 pred_gap=2.099 exp_ks=36 lut_ks=68 pred_status=optimistic
ID          Sparse THI                   noise=38 PASS max_error=0 in=-21.163 lut=-22.646 out=-23.105 pred=-24.261 pred_gap=1.156 exp_ks=36 lut_ks=68 pred_status=optimistic
ID          Sparse THI                   noise=39 PASS max_error=0 in=-20.163 lut=-21.270 out=-21.744 pred=-22.262 pred_gap=0.517 exp_ks=36 lut_ks=68 pred_status=optimistic
ID          Sparse THI                   noise=40 PASS max_error=0 in=-19.163 lut=-19.637 out=-20.137 pred=-20.262 pred_gap=0.125 exp_ks=36 lut_ks=68 pred_status=optimistic
ID          Sparse THI                   noise=41 PASS max_error=0 in=-18.163 lut=-17.868 out=-18.360 pred=-18.262 pred_gap=-0.097 exp_ks=36 lut_ks=68
ID          Sparse THI                   noise=42 PASS max_error=0 in=-17.163 lut=-15.980 out=-16.477 pred=-16.262 pred_gap=-0.215 exp_ks=36 lut_ks=68
ID          Sparse THI                   noise=43 PASS max_error=0 in=-16.163 lut=-14.044 out=-14.534 pred=-14.262 pred_gap=-0.271 exp_ks=36 lut_ks=68
ID          Sparse THI                   noise=44 PASS max_error=0 in=-15.163 lut=-12.056 out=-12.554 pred=-12.262 pred_gap=-0.292 exp_ks=36 lut_ks=68
ID          Sparse THI                   noise=45 PASS max_error=0 in=-14.163 lut=-10.050 out=-10.549 pred=-10.262 pred_gap=-0.287 exp_ks=36 lut_ks=68
ID          Sparse THI                   noise=46 FAIL max_error=255 in=-13.163 lut=-8.842 out=-9.342 pred=-8.262 pred_gap=-1.080 exp_ks=36 lut_ks=68

CSV_BEGIN
lut,method,run,noise_base,max_error,input_precision,lut_precision,lut_margin,output_precision,predicted_output_precision,prediction_gap,output_margin,eval_exp_key_switch_count,key_switch_count
ID,Sparse THI,1,16,0,-32.300,-25.698,nan,-25.945,-46.534,20.589,nan,36,68
ID,Sparse THI,1,17,0,-32.117,-25.627,nan,-25.945,-46.169,20.223,nan,36,68
ID,Sparse THI,1,18,0,-32.135,-25.698,nan,-25.945,-46.205,20.259,nan,36,68
ID,Sparse THI,1,19,0,-32.221,-25.627,nan,-25.945,-46.377,20.432,nan,36,68
ID,Sparse THI,1,20,0,-32.172,-25.562,nan,-25.945,-46.279,20.334,nan,36,68
ID,Sparse THI,1,21,0,-32.127,-25.716,nan,-25.945,-46.190,20.245,nan,36,68
ID,Sparse THI,1,22,0,-32.243,-25.627,nan,-25.945,-46.421,20.475,nan,36,68
ID,Sparse THI,1,23,0,-32.187,-25.627,nan,-25.946,-46.310,20.364,nan,36,68
ID,Sparse THI,1,24,0,-32.102,-25.638,nan,-25.946,-46.140,20.194,nan,36,68
ID,Sparse THI,1,25,0,-31.942,-25.627,nan,-25.946,-45.819,19.873,nan,36,68
ID,Sparse THI,1,26,0,-31.573,-25.638,nan,-25.947,-45.081,19.134,nan,36,68
ID,Sparse THI,1,27,0,-31.180,-25.726,nan,-25.948,-44.296,18.348,nan,36,68
ID,Sparse THI,1,28,0,-30.635,-25.447,nan,-25.951,-43.206,17.255,nan,36,68
ID,Sparse THI,1,29,0,-29.862,-25.710,nan,-25.948,-41.660,15.712,nan,36,68
ID,Sparse THI,1,30,0,-28.982,-25.614,nan,-25.937,-39.900,13.963,nan,36,68
ID,Sparse THI,1,31,0,-28.088,-25.601,nan,-25.917,-38.111,12.194,nan,36,68
ID,Sparse THI,1,32,0,-27.121,-25.575,nan,-25.877,-36.176,10.300,nan,36,68
ID,Sparse THI,1,33,0,-26.137,-25.549,nan,-25.798,-34.209,8.412,nan,36,68
ID,Sparse THI,1,34,0,-25.153,-25.363,nan,-25.648,-32.242,6.594,nan,36,68
ID,Sparse THI,1,35,0,-24.159,-25.057,nan,-25.373,-30.252,4.879,nan,36,68
ID,Sparse THI,1,36,0,-23.161,-24.525,nan,-24.902,-28.257,3.355,nan,36,68
ID,Sparse THI,1,37,0,-22.162,-23.855,nan,-24.160,-26.260,2.099,nan,36,68
ID,Sparse THI,1,38,0,-21.163,-22.646,nan,-23.105,-24.261,1.156,nan,36,68
ID,Sparse THI,1,39,0,-20.163,-21.270,nan,-21.744,-22.262,0.517,nan,36,68
ID,Sparse THI,1,40,0,-19.163,-19.637,nan,-20.137,-20.262,0.125,nan,36,68
ID,Sparse THI,1,41,0,-18.163,-17.868,nan,-18.360,-18.262,-0.097,nan,36,68
ID,Sparse THI,1,42,0,-17.163,-15.980,nan,-16.477,-16.262,-0.215,nan,36,68
ID,Sparse THI,1,43,0,-16.163,-14.044,nan,-14.534,-14.262,-0.271,nan,36,68
ID,Sparse THI,1,44,0,-15.163,-12.056,nan,-12.554,-12.262,-0.292,nan,36,68
ID,Sparse THI,1,45,0,-14.163,-10.050,nan,-10.549,-10.262,-0.287,nan,36,68
ID,Sparse THI,1,46,255,-13.163,-8.842,nan,-9.342,-8.262,-1.080,nan,36,68
CSV_END
