Mode=precision ring_dim=65536 key_dist=SPARSE_TERNARY slots=65536 sf=59 eval_exp_degree=58 order=1 noise_stage=PRE_EVALEXP scaling=FIXEDMANUAL mul_depth=19 p_input=16 p_output=16 all_inputs=1 complex_lut=0 level_budget=3,2
Noise bases=16,17,18,19,20,21,22,23,24,25,26,27,28,29,30,31,32,33,34,35,36,37,38,39,40,41,42,43,44,45,46,47,48,49,50

ID          Sparse THI                   noise=16 PASS max_error=0 in=-31.269 lut=-31.740 out=-32.389 pred=-52.514 pred_gap=20.125 exp_ks=36 lut_ks=22 pred_status=optimistic
ID          Sparse THI                   noise=17 PASS max_error=0 in=-31.244 lut=-31.702 out=-32.389 pred=-52.463 pred_gap=20.075 exp_ks=36 lut_ks=22 pred_status=optimistic
ID          Sparse THI                   noise=18 PASS max_error=0 in=-31.197 lut=-31.735 out=-32.389 pred=-52.370 pred_gap=19.981 exp_ks=36 lut_ks=22 pred_status=optimistic
ID          Sparse THI                   noise=19 PASS max_error=0 in=-31.327 lut=-31.699 out=-32.389 pred=-52.629 pred_gap=20.240 exp_ks=36 lut_ks=22 pred_status=optimistic
ID          Sparse THI                   noise=20 PASS max_error=0 in=-31.345 lut=-31.733 out=-32.389 pred=-52.665 pred_gap=20.276 exp_ks=36 lut_ks=22 pred_status=optimistic
ID          Sparse THI                   noise=21 PASS max_error=0 in=-31.161 lut=-31.737 out=-32.389 pred=-52.297 pred_gap=19.908 exp_ks=36 lut_ks=22 pred_status=optimistic
ID          Sparse THI                   noise=22 PASS max_error=0 in=-31.293 lut=-31.736 out=-32.389 pred=-52.561 pred_gap=20.172 exp_ks=36 lut_ks=22 pred_status=optimistic
ID          Sparse THI                   noise=23 PASS max_error=0 in=-31.223 lut=-31.733 out=-32.389 pred=-52.423 pred_gap=20.034 exp_ks=36 lut_ks=22 pred_status=optimistic
ID          Sparse THI                   noise=24 PASS max_error=0 in=-31.241 lut=-31.733 out=-32.389 pred=-52.457 pred_gap=20.068 exp_ks=36 lut_ks=22 pred_status=optimistic
ID          Sparse THI                   noise=25 PASS max_error=0 in=-31.202 lut=-31.772 out=-32.389 pred=-52.380 pred_gap=19.991 exp_ks=36 lut_ks=22 pred_status=optimistic
ID          Sparse THI                   noise=26 PASS max_error=0 in=-31.020 lut=-31.771 out=-32.389 pred=-52.017 pred_gap=19.628 exp_ks=36 lut_ks=22 pred_status=optimistic
ID          Sparse THI                   noise=27 PASS max_error=0 in=-30.704 lut=-31.732 out=-32.390 pred=-51.385 pred_gap=18.995 exp_ks=36 lut_ks=22 pred_status=optimistic
ID          Sparse THI                   noise=28 PASS max_error=0 in=-30.261 lut=-31.702 out=-32.391 pred=-50.497 pred_gap=18.107 exp_ks=36 lut_ks=22 pred_status=optimistic
ID          Sparse THI                   noise=29 PASS max_error=0 in=-29.639 lut=-31.734 out=-32.392 pred=-49.253 pred_gap=16.861 exp_ks=36 lut_ks=22 pred_status=optimistic
ID          Sparse THI                   noise=30 PASS max_error=0 in=-28.860 lut=-31.735 out=-32.396 pred=-47.697 pred_gap=15.301 exp_ks=36 lut_ks=22 pred_status=optimistic
ID          Sparse THI                   noise=31 PASS max_error=0 in=-27.999 lut=-31.735 out=-32.403 pred=-45.973 pred_gap=13.571 exp_ks=36 lut_ks=22 pred_status=optimistic
ID          Sparse THI                   noise=32 PASS max_error=0 in=-27.091 lut=-31.736 out=-32.416 pred=-44.157 pred_gap=11.741 exp_ks=36 lut_ks=22 pred_status=optimistic
ID          Sparse THI                   noise=33 PASS max_error=0 in=-26.123 lut=-31.728 out=-32.417 pred=-42.222 pred_gap=9.806 exp_ks=36 lut_ks=22 pred_status=optimistic
ID          Sparse THI                   noise=34 PASS max_error=0 in=-25.144 lut=-31.670 out=-32.347 pred=-40.264 pred_gap=7.917 exp_ks=36 lut_ks=22 pred_status=optimistic
ID          Sparse THI                   noise=35 PASS max_error=0 in=-24.154 lut=-31.570 out=-32.243 pred=-38.284 pred_gap=6.040 exp_ks=36 lut_ks=22 pred_status=optimistic
ID          Sparse THI                   noise=36 PASS max_error=0 in=-23.158 lut=-31.367 out=-32.016 pred=-36.293 pred_gap=4.276 exp_ks=36 lut_ks=22 pred_status=optimistic
ID          Sparse THI                   noise=37 PASS max_error=0 in=-22.161 lut=-30.967 out=-31.578 pred=-34.298 pred_gap=2.720 exp_ks=36 lut_ks=22 pred_status=optimistic
ID          Sparse THI                   noise=38 PASS max_error=0 in=-21.162 lut=-30.239 out=-30.806 pred=-32.300 pred_gap=1.494 exp_ks=36 lut_ks=22 pred_status=optimistic
ID          Sparse THI                   noise=39 PASS max_error=0 in=-20.163 lut=-29.100 out=-29.630 pred=-30.302 pred_gap=0.671 exp_ks=36 lut_ks=22 pred_status=optimistic
ID          Sparse THI                   noise=40 PASS max_error=0 in=-19.163 lut=-27.595 out=-28.106 pred=-28.302 pred_gap=0.197 exp_ks=36 lut_ks=22 pred_status=optimistic
ID          Sparse THI                   noise=41 PASS max_error=0 in=-18.163 lut=-25.852 out=-26.355 pred=-26.302 pred_gap=-0.052 exp_ks=36 lut_ks=22
ID          Sparse THI                   noise=42 PASS max_error=0 in=-17.163 lut=-23.980 out=-24.481 pred=-24.303 pred_gap=-0.178 exp_ks=36 lut_ks=22
ID          Sparse THI                   noise=43 PASS max_error=0 in=-16.163 lut=-22.044 out=-22.544 pred=-22.303 pred_gap=-0.241 exp_ks=36 lut_ks=22
ID          Sparse THI                   noise=44 PASS max_error=0 in=-15.163 lut=-20.075 out=-20.574 pred=-20.303 pred_gap=-0.271 exp_ks=36 lut_ks=22
ID          Sparse THI                   noise=45 PASS max_error=0 in=-14.163 lut=-18.089 out=-18.588 pred=-18.303 pred_gap=-0.285 exp_ks=36 lut_ks=22
ID          Sparse THI                   noise=46 PASS max_error=0 in=-13.163 lut=-16.093 out=-16.593 pred=-16.303 pred_gap=-0.290 exp_ks=36 lut_ks=22
ID          Sparse THI                   noise=47 PASS max_error=0 in=-12.163 lut=-14.092 out=-14.592 pred=-14.303 pred_gap=-0.289 exp_ks=36 lut_ks=22
ID          Sparse THI                   noise=48 PASS max_error=0 in=-11.163 lut=-12.083 out=-12.583 pred=-12.303 pred_gap=-0.280 exp_ks=36 lut_ks=22
ID          Sparse THI                   noise=49 PASS max_error=0 in=-10.163 lut=-10.064 out=-10.564 pred=-10.303 pred_gap=-0.261 exp_ks=36 lut_ks=22
ID          Sparse THI                   noise=50 PASS max_error=0 in=-9.163 lut=-8.029 out=-8.529 pred=-8.303 pred_gap=-0.226 exp_ks=36 lut_ks=22

CSV_BEGIN
lut,method,run,noise_base,max_error,input_precision,lut_precision,lut_margin,output_precision,predicted_output_precision,prediction_gap,output_margin,eval_exp_key_switch_count,key_switch_count
ID,Sparse THI,1,16,0,-31.269,-31.740,nan,-32.389,-52.514,20.125,nan,36,22
ID,Sparse THI,1,17,0,-31.244,-31.702,nan,-32.389,-52.463,20.075,nan,36,22
ID,Sparse THI,1,18,0,-31.197,-31.735,nan,-32.389,-52.370,19.981,nan,36,22
ID,Sparse THI,1,19,0,-31.327,-31.699,nan,-32.389,-52.629,20.240,nan,36,22
ID,Sparse THI,1,20,0,-31.345,-31.733,nan,-32.389,-52.665,20.276,nan,36,22
ID,Sparse THI,1,21,0,-31.161,-31.737,nan,-32.389,-52.297,19.908,nan,36,22
ID,Sparse THI,1,22,0,-31.293,-31.736,nan,-32.389,-52.561,20.172,nan,36,22
ID,Sparse THI,1,23,0,-31.223,-31.733,nan,-32.389,-52.423,20.034,nan,36,22
ID,Sparse THI,1,24,0,-31.241,-31.733,nan,-32.389,-52.457,20.068,nan,36,22
ID,Sparse THI,1,25,0,-31.202,-31.772,nan,-32.389,-52.380,19.991,nan,36,22
ID,Sparse THI,1,26,0,-31.020,-31.771,nan,-32.389,-52.017,19.628,nan,36,22
ID,Sparse THI,1,27,0,-30.704,-31.732,nan,-32.390,-51.385,18.995,nan,36,22
ID,Sparse THI,1,28,0,-30.261,-31.702,nan,-32.391,-50.497,18.107,nan,36,22
ID,Sparse THI,1,29,0,-29.639,-31.734,nan,-32.392,-49.253,16.861,nan,36,22
ID,Sparse THI,1,30,0,-28.860,-31.735,nan,-32.396,-47.697,15.301,nan,36,22
ID,Sparse THI,1,31,0,-27.999,-31.735,nan,-32.403,-45.973,13.571,nan,36,22
ID,Sparse THI,1,32,0,-27.091,-31.736,nan,-32.416,-44.157,11.741,nan,36,22
ID,Sparse THI,1,33,0,-26.123,-31.728,nan,-32.417,-42.222,9.806,nan,36,22
ID,Sparse THI,1,34,0,-25.144,-31.670,nan,-32.347,-40.264,7.917,nan,36,22
ID,Sparse THI,1,35,0,-24.154,-31.570,nan,-32.243,-38.284,6.040,nan,36,22
ID,Sparse THI,1,36,0,-23.158,-31.367,nan,-32.016,-36.293,4.276,nan,36,22
ID,Sparse THI,1,37,0,-22.161,-30.967,nan,-31.578,-34.298,2.720,nan,36,22
ID,Sparse THI,1,38,0,-21.162,-30.239,nan,-30.806,-32.300,1.494,nan,36,22
ID,Sparse THI,1,39,0,-20.163,-29.100,nan,-29.630,-30.302,0.671,nan,36,22
ID,Sparse THI,1,40,0,-19.163,-27.595,nan,-28.106,-28.302,0.197,nan,36,22
ID,Sparse THI,1,41,0,-18.163,-25.852,nan,-26.355,-26.302,-0.052,nan,36,22
ID,Sparse THI,1,42,0,-17.163,-23.980,nan,-24.481,-24.303,-0.178,nan,36,22
ID,Sparse THI,1,43,0,-16.163,-22.044,nan,-22.544,-22.303,-0.241,nan,36,22
ID,Sparse THI,1,44,0,-15.163,-20.075,nan,-20.574,-20.303,-0.271,nan,36,22
ID,Sparse THI,1,45,0,-14.163,-18.089,nan,-18.588,-18.303,-0.285,nan,36,22
ID,Sparse THI,1,46,0,-13.163,-16.093,nan,-16.593,-16.303,-0.290,nan,36,22
ID,Sparse THI,1,47,0,-12.163,-14.092,nan,-14.592,-14.303,-0.289,nan,36,22
ID,Sparse THI,1,48,0,-11.163,-12.083,nan,-12.583,-12.303,-0.280,nan,36,22
ID,Sparse THI,1,49,0,-10.163,-10.064,nan,-10.564,-10.303,-0.261,nan,36,22
ID,Sparse THI,1,50,0,-9.163,-8.029,nan,-8.529,-8.303,-0.226,nan,36,22
CSV_END
